Component: ARM Compiler 5.06 update 5 (build 528) Tool: armlink [4d35e2]

==============================================================================

Section Cross References

    startup_stm32f429_439xx.o(RESET) refers to startup_stm32f429_439xx.o(STACK) for __initial_sp
    startup_stm32f429_439xx.o(RESET) refers to startup_stm32f429_439xx.o(.text) for Reset_Handler
    startup_stm32f429_439xx.o(RESET) refers to stm32f4xx_it.o(i.NMI_Handler) for NMI_Handler
    startup_stm32f429_439xx.o(RESET) refers to stm32f4xx_it.o(i.HardFault_Handler) for HardFault_Handler
    startup_stm32f429_439xx.o(RESET) refers to stm32f4xx_it.o(i.MemManage_Handler) for MemManage_Handler
    startup_stm32f429_439xx.o(RESET) refers to stm32f4xx_it.o(i.BusFault_Handler) for BusFault_Handler
    startup_stm32f429_439xx.o(RESET) refers to stm32f4xx_it.o(i.UsageFault_Handler) for UsageFault_Handler
    startup_stm32f429_439xx.o(RESET) refers to stm32f4xx_it.o(i.SVC_Handler) for SVC_Handler
    startup_stm32f429_439xx.o(RESET) refers to stm32f4xx_it.o(i.DebugMon_Handler) for DebugMon_Handler
    startup_stm32f429_439xx.o(RESET) refers to stm32f4xx_it.o(i.PendSV_Handler) for PendSV_Handler
    startup_stm32f429_439xx.o(RESET) refers to stm32f4xx_it.o(i.SysTick_Handler) for SysTick_Handler
    startup_stm32f429_439xx.o(.text) refers to system_stm32f4xx.o(i.SystemInit) for SystemInit
    startup_stm32f429_439xx.o(.text) refers to entry.o(.ARM.Collect$$$$00000000) for __main
    stm32f429i_discovery.o(i.STM_EVAL_LEDInit) refers to stm32f4xx_rcc.o(i.RCC_AHB1PeriphClockCmd) for RCC_AHB1PeriphClockCmd
    stm32f429i_discovery.o(i.STM_EVAL_LEDInit) refers to stm32f4xx_gpio.o(i.GPIO_Init) for GPIO_Init
    stm32f429i_discovery.o(i.STM_EVAL_LEDInit) refers to stm32f429i_discovery.o(.constdata) for .constdata
    stm32f429i_discovery.o(i.STM_EVAL_LEDInit) refers to stm32f429i_discovery.o(.data) for .data
    stm32f429i_discovery.o(i.STM_EVAL_LEDOff) refers to stm32f429i_discovery.o(.constdata) for .constdata
    stm32f429i_discovery.o(i.STM_EVAL_LEDOff) refers to stm32f429i_discovery.o(.data) for .data
    stm32f429i_discovery.o(i.STM_EVAL_LEDOn) refers to stm32f429i_discovery.o(.constdata) for .constdata
    stm32f429i_discovery.o(i.STM_EVAL_LEDOn) refers to stm32f429i_discovery.o(.data) for .data
    stm32f429i_discovery.o(i.STM_EVAL_LEDToggle) refers to stm32f429i_discovery.o(.data) for .data
    stm32f429i_discovery.o(i.STM_EVAL_LEDToggle) refers to stm32f429i_discovery.o(.constdata) for .constdata
    stm32f429i_discovery.o(i.STM_EVAL_PBGetState) refers to stm32f4xx_gpio.o(i.GPIO_ReadInputDataBit) for GPIO_ReadInputDataBit
    stm32f429i_discovery.o(i.STM_EVAL_PBGetState) refers to stm32f429i_discovery.o(.constdata) for .constdata
    stm32f429i_discovery.o(i.STM_EVAL_PBGetState) refers to stm32f429i_discovery.o(.data) for .data
    stm32f429i_discovery.o(i.STM_EVAL_PBInit) refers to stm32f4xx_rcc.o(i.RCC_AHB1PeriphClockCmd) for RCC_AHB1PeriphClockCmd
    stm32f429i_discovery.o(i.STM_EVAL_PBInit) refers to stm32f4xx_rcc.o(i.RCC_APB2PeriphClockCmd) for RCC_APB2PeriphClockCmd
    stm32f429i_discovery.o(i.STM_EVAL_PBInit) refers to stm32f4xx_gpio.o(i.GPIO_Init) for GPIO_Init
    stm32f429i_discovery.o(i.STM_EVAL_PBInit) refers to stm32f4xx_syscfg.o(i.SYSCFG_EXTILineConfig) for SYSCFG_EXTILineConfig
    stm32f429i_discovery.o(i.STM_EVAL_PBInit) refers to stm32f4xx_exti.o(i.EXTI_Init) for EXTI_Init
    stm32f429i_discovery.o(i.STM_EVAL_PBInit) refers to misc.o(i.NVIC_Init) for NVIC_Init
    stm32f429i_discovery.o(i.STM_EVAL_PBInit) refers to stm32f429i_discovery.o(.constdata) for .constdata
    stm32f429i_discovery.o(i.STM_EVAL_PBInit) refers to stm32f429i_discovery.o(.data) for .data
    stm32f429i_discovery.o(i.sEE_LowLevel_DMAConfig) refers to stm32f4xx_dma.o(i.DMA_Init) for DMA_Init
    stm32f429i_discovery.o(i.sEE_LowLevel_DMAConfig) refers to stm32f429i_discovery.o(.bss) for .bss
    stm32f429i_discovery.o(i.sEE_LowLevel_DeInit) refers to stm32f4xx_i2c.o(i.I2C_Cmd) for I2C_Cmd
    stm32f429i_discovery.o(i.sEE_LowLevel_DeInit) refers to stm32f4xx_i2c.o(i.I2C_DeInit) for I2C_DeInit
    stm32f429i_discovery.o(i.sEE_LowLevel_DeInit) refers to stm32f4xx_rcc.o(i.RCC_APB1PeriphClockCmd) for RCC_APB1PeriphClockCmd
    stm32f429i_discovery.o(i.sEE_LowLevel_DeInit) refers to stm32f4xx_gpio.o(i.GPIO_Init) for GPIO_Init
    stm32f429i_discovery.o(i.sEE_LowLevel_DeInit) refers to misc.o(i.NVIC_Init) for NVIC_Init
    stm32f429i_discovery.o(i.sEE_LowLevel_DeInit) refers to stm32f4xx_dma.o(i.DMA_Cmd) for DMA_Cmd
    stm32f429i_discovery.o(i.sEE_LowLevel_DeInit) refers to stm32f4xx_dma.o(i.DMA_DeInit) for DMA_DeInit
    stm32f429i_discovery.o(i.sEE_LowLevel_DeInit) refers to stm32f429i_discovery.o(.data) for .data
    stm32f429i_discovery.o(i.sEE_LowLevel_Init) refers to stm32f4xx_rcc.o(i.RCC_APB1PeriphClockCmd) for RCC_APB1PeriphClockCmd
[...]
    stm32f429i_discovery_lcd.o(i.LCD_PowerOn) refers to stm32f429i_discovery_lcd.o(i.delay) for delay
    stm32f429i_discovery_lcd.o(i.LCD_ReSetColorKeying) refers to stm32f4xx_ltdc.o(i.LTDC_ColorKeyingConfig) for LTDC_ColorKeyingConfig
    stm32f429i_discovery_lcd.o(i.LCD_ReSetColorKeying) refers to stm32f4xx_ltdc.o(i.LTDC_ReloadConfig) for LTDC_ReloadConfig
    stm32f429i_discovery_lcd.o(i.LCD_ReSetColorKeying) refers to stm32f429i_discovery_lcd.o(.data) for .data
    stm32f429i_discovery_lcd.o(i.LCD_SPIConfig) refers to stm32f4xx_rcc.o(i.RCC_AHB1PeriphClockCmd) for RCC_AHB1PeriphClockCmd
    stm32f429i_discovery_lcd.o(i.LCD_SPIConfig) refers to stm32f4xx_rcc.o(i.RCC_APB2PeriphClockCmd) for RCC_APB2PeriphClockCmd
    stm32f429i_discovery_lcd.o(i.LCD_SPIConfig) refers to stm32f4xx_gpio.o(i.GPIO_Init) for GPIO_Init
    stm32f429i_discovery_lcd.o(i.LCD_SPIConfig) refers to stm32f4xx_gpio.o(i.GPIO_PinAFConfig) for GPIO_PinAFConfig
    stm32f429i_discovery_lcd.o(i.LCD_SPIConfig) refers to stm32f4xx_spi.o(i.SPI_I2S_DeInit) for SPI_I2S_DeInit
    stm32f429i_discovery_lcd.o(i.LCD_SPIConfig) refers to stm32f4xx_spi.o(i.SPI_Init) for SPI_Init
    stm32f429i_discovery_lcd.o(i.LCD_SPIConfig) refers to stm32f4xx_spi.o(i.SPI_Cmd) for SPI_Cmd
    stm32f429i_discovery_lcd.o(i.LCD_SetBackColor) refers to stm32f429i_discovery_lcd.o(.data) for .data
    stm32f429i_discovery_lcd.o(i.LCD_SetColorKeying) refers to stm32f4xx_ltdc.o(i.LTDC_ColorKeyingConfig) for LTDC_ColorKeyingConfig
    stm32f429i_discovery_lcd.o(i.LCD_SetColorKeying) refers to stm32f4xx_ltdc.o(i.LTDC_ReloadConfig) for LTDC_ReloadConfig
    stm32f429i_discovery_lcd.o(i.LCD_SetColorKeying) refers to stm32f429i_discovery_lcd.o(.data) for .data
    stm32f429i_discovery_lcd.o(i.LCD_SetColors) refers to stm32f429i_discovery_lcd.o(.data) for .data
    stm32f429i_discovery_lcd.o(i.LCD_SetCursor) refers to stm32f429i_discovery_lcd.o(.data) for .data
    stm32f429i_discovery_lcd.o(i.LCD_SetDisplayWindow) refers to stm32f4xx_ltdc.o(i.LTDC_LayerPosition) for LTDC_LayerPosition
    stm32f429i_discovery_lcd.o(i.LCD_SetDisplayWindow) refers to stm32f4xx_ltdc.o(i.LTDC_ReloadConfig) for LTDC_ReloadConfig
    stm32f429i_discovery_lcd.o(i.LCD_SetDisplayWindow) refers to stm32f4xx_ltdc.o(i.LTDC_LayerSize) for LTDC_LayerSize
    stm32f429i_discovery_lcd.o(i.LCD_SetDisplayWindow) refers to stm32f429i_discovery_lcd.o(.data) for .data
    stm32f429i_discovery_lcd.o(i.LCD_SetFont) refers to stm32f429i_discovery_lcd.o(.data) for .data
    stm32f429i_discovery_lcd.o(i.LCD_SetLayer) refers to stm32f429i_discovery_lcd.o(.data) for .data
    stm32f429i_discovery_lcd.o(i.LCD_SetTextColor) refers to stm32f429i_discovery_lcd.o(.data) for .data
    stm32f429i_discovery_lcd.o(i.LCD_SetTransparency) refers to stm32f4xx_ltdc.o(i.LTDC_LayerAlpha) for LTDC_LayerAlpha
    stm32f429i_discovery_lcd.o(i.LCD_SetTransparency) refers to stm32f4xx_ltdc.o(i.LTDC_ReloadConfig) for LTDC_ReloadConfig
    stm32f429i_discovery_lcd.o(i.LCD_SetTransparency) refers to stm32f429i_discovery_lcd.o(.data) for .data
    stm32f429i_discovery_lcd.o(i.LCD_Triangle) refers to stm32f429i_discovery_lcd.o(i.LCD_DrawUniLine) for LCD_DrawUniLine
    stm32f429i_discovery_lcd.o(i.LCD_WindowModeDisable) refers to stm32f429i_discovery_lcd.o(i.LCD_SetDisplayWindow) for LCD_SetDisplayWindow
    stm32f429i_discovery_lcd.o(i.LCD_WriteBMP) refers to stm32f4xx_ltdc.o(i.LTDC_LayerSize) for LTDC_LayerSize
    stm32f429i_discovery_lcd.o(i.LCD_WriteBMP) refers to stm32f4xx_ltdc.o(i.LTDC_ReloadConfig) for LTDC_ReloadConfig
    stm32f429i_discovery_lcd.o(i.LCD_WriteBMP) refers to stm32f4xx_ltdc.o(i.LTDC_LayerPixelFormat) for LTDC_LayerPixelFormat
    stm32f429i_discovery_lcd.o(i.LCD_WriteBMP) refers to stm32f429i_discovery_lcd.o(.data) for .data
    stm32f429i_discovery_lcd.o(i.LCD_WriteCommand) refers to stm32f429i_discovery_lcd.o(i.LCD_CtrlLinesWrite) for LCD_CtrlLinesWrite
    stm32f429i_discovery_lcd.o(i.LCD_WriteCommand) refers to stm32f429i_discovery_lcd.o(i.LCD_ChipSelect) for LCD_ChipSelect
    stm32f429i_discovery_lcd.o(i.LCD_WriteCommand) refers to stm32f4xx_spi.o(i.SPI_I2S_SendData) for SPI_I2S_SendData
    stm32f429i_discovery_lcd.o(i.LCD_WriteCommand) refers to stm32f4xx_spi.o(i.SPI_I2S_GetFlagStatus) for SPI_I2S_GetFlagStatus
    stm32f429i_discovery_lcd.o(i.LCD_WriteData) refers to stm32f429i_discovery_lcd.o(i.LCD_CtrlLinesWrite) for LCD_CtrlLinesWrite
    stm32f429i_discovery_lcd.o(i.LCD_WriteData) refers to stm32f429i_discovery_lcd.o(i.LCD_ChipSelect) for LCD_ChipSelect
    stm32f429i_discovery_lcd.o(i.LCD_WriteData) refers to stm32f4xx_spi.o(i.SPI_I2S_SendData) for SPI_I2S_SendData
    stm32f429i_discovery_lcd.o(i.LCD_WriteData) refers to stm32f4xx_spi.o(i.SPI_I2S_GetFlagStatus) for SPI_I2S_GetFlagStatus
    stm32f429i_discovery_lcd.o(.data) refers to stm32f429i_discovery_lcd.o(.constdata) for ASCII16x24_Table
    stm32f429i_discovery_lcd.o(.data) refers to stm32f429i_discovery_lcd.o(.constdata) for ASCII12x12_Table
    stm32f429i_discovery_lcd.o(.data) refers to stm32f429i_discovery_lcd.o(.constdata) for ASCII8x12_Table
    stm32f429i_discovery_lcd.o(.data) refers to stm32f429i_discovery_lcd.o(.constdata) for ASCII8x8_Table
    stm32f429i_discovery_sdram.o(i.SDRAM_GPIOConfig) refers to stm32f4xx_rcc.o(i.RCC_AHB1PeriphClockCmd) for RCC_AHB1PeriphClockCmd
    stm32f429i_discovery_sdram.o(i.SDRAM_GPIOConfig) refers to stm32f4xx_gpio.o(i.GPIO_PinAFConfig) for GPIO_PinAFConfig
    stm32f429i_discovery_sdram.o(i.SDRAM_GPIOConfig) refers to stm32f4xx_gpio.o(i.GPIO_Init) for GPIO_Init
    stm32f429i_discovery_sdram.o(i.SDRAM_Init) refers to stm32f429i_discovery_sdram.o(i.SDRAM_GPIOConfig) for SDRAM_GPIOConfig
    stm32f429i_discovery_sdram.o(i.SDRAM_Init) refers to stm32f4xx_rcc.o(i.RCC_AHB3PeriphClockCmd) for RCC_AHB3PeriphClockCmd
    stm32f429i_discovery_sdram.o(i.SDRAM_Init) refers to stm32f4xx_fmc.o(i.FMC_SDRAMInit) for FMC_SDRAMInit
    stm32f429i_discovery_sdram.o(i.SDRAM_Init) refers to stm32f429i_discovery_sdram.o(i.SDRAM_InitSequence) for SDRAM_InitSequence
    stm32f429i_discovery_sdram.o(i.SDRAM_InitSequence) refers to stm32f4xx_fmc.o(i.FMC_GetFlagStatus) for FMC_GetFlagStatus
    stm32f429i_discovery_sdram.o(i.SDRAM_InitSequence) refers to stm32f4xx_fmc.o(i.FMC_SDRAMCmdConfig) for FMC_SDRAMCmdConfig
    stm32f429i_discovery_sdram.o(i.SDRAM_InitSequence) refers to stm32f4xx_fmc.o(i.FMC_SetRefreshCount) for FMC_SetRefreshCount
    stm32f429i_discovery_sdram.o(i.SDRAM_ReadBuffer) refers to stm32f4xx_fmc.o(i.FMC_GetFlagStatus) for FMC_GetFlagStatus
    stm32f429i_discovery_sdram.o(i.SDRAM_WriteBuffer) refers to stm32f4xx_fmc.o(i.FMC_SDRAMWriteProtectionConfig) for FMC_SDRAMWriteProtectionConfig
    stm32f429i_discovery_sdram.o(i.SDRAM_WriteBuffer) refers to stm32f4xx_fmc.o(i.FMC_GetFlagStatus) for FMC_GetFlagStatus
    stm32f429i_discovery_l3gd20.o(i.L3GD20_FilterCmd) refers to stm32f429i_discovery_l3gd20.o(i.L3GD20_Read) for L3GD20_Read
    stm32f429i_discovery_l3gd20.o(i.L3GD20_FilterCmd) refers to stm32f429i_discovery_l3gd20.o(i.L3GD20_Write) for L3GD20_Write
    stm32f429i_discovery_l3gd20.o(i.L3GD20_FilterConfig) refers to stm32f429i_discovery_l3gd20.o(i.L3GD20_Read) for L3GD20_Read
    stm32f429i_discovery_l3gd20.o(i.L3GD20_FilterConfig) refers to stm32f429i_discovery_l3gd20.o(i.L3GD20_Write) for L3GD20_Write
    stm32f429i_discovery_l3gd20.o(i.L3GD20_GetDataStatus) refers to stm32f429i_discovery_l3gd20.o(i.L3GD20_Read) for L3GD20_Read
    stm32f429i_discovery_l3gd20.o(i.L3GD20_INT1InterruptCmd) refers to stm32f429i_discovery_l3gd20.o(i.L3GD20_Read) for L3GD20_Read
    stm32f429i_discovery_l3gd20.o(i.L3GD20_INT1InterruptCmd) refers to stm32f429i_discovery_l3gd20.o(i.L3GD20_Write) for L3GD20_Write
    stm32f429i_discovery_l3gd20.o(i.L3GD20_INT1InterruptConfig) refers to stm32f429i_discovery_l3gd20.o(i.L3GD20_Read) for L3GD20_Read
    stm32f429i_discovery_l3gd20.o(i.L3GD20_INT1InterruptConfig) refers to stm32f429i_discovery_l3gd20.o(i.L3GD20_Write) for L3GD20_Write
    stm32f429i_discovery_l3gd20.o(i.L3GD20_INT2InterruptCmd) refers to stm32f429i_discovery_l3gd20.o(i.L3GD20_Read) for L3GD20_Read
    stm32f429i_discovery_l3gd20.o(i.L3GD20_INT2InterruptCmd) refers to stm32f429i_discovery_l3gd20.o(i.L3GD20_Write) for L3GD20_Write
    stm32f429i_discovery_l3gd20.o(i.L3GD20_Init) refers to stm32f429i_discovery_l3gd20.o(i.L3GD20_LowLevel_Init) for L3GD20_LowLevel_Init
    stm32f429i_discovery_l3gd20.o(i.L3GD20_Init) refers to stm32f429i_discovery_l3gd20.o(i.L3GD20_Write) for L3GD20_Write
    stm32f429i_discovery_l3gd20.o(i.L3GD20_LowLevel_Init) refers to stm32f4xx_rcc.o(i.RCC_APB2PeriphClockCmd) for RCC_APB2PeriphClockCmd
    stm32f429i_discovery_l3gd20.o(i.L3GD20_LowLevel_Init) refers to stm32f4xx_rcc.o(i.RCC_AHB1PeriphClockCmd) for RCC_AHB1PeriphClockCmd
    stm32f429i_discovery_l3gd20.o(i.L3GD20_LowLevel_Init) refers to stm32f4xx_gpio.o(i.GPIO_PinAFConfig) for GPIO_PinAFConfig
    stm32f429i_discovery_l3gd20.o(i.L3GD20_LowLevel_Init) refers to stm32f4xx_gpio.o(i.GPIO_Init) for GPIO_Init
    stm32f429i_discovery_l3gd20.o(i.L3GD20_LowLevel_Init) refers to stm32f4xx_spi.o(i.SPI_I2S_DeInit) for SPI_I2S_DeInit
    stm32f429i_discovery_l3gd20.o(i.L3GD20_LowLevel_Init) refers to stm32f4xx_spi.o(i.SPI_Init) for SPI_Init
    stm32f429i_discovery_l3gd20.o(i.L3GD20_LowLevel_Init) refers to stm32f4xx_spi.o(i.SPI_Cmd) for SPI_Cmd
    stm32f429i_discovery_l3gd20.o(i.L3GD20_LowLevel_Init) refers to stm32f4xx_gpio.o(i.GPIO_SetBits) for GPIO_SetBits
    stm32f429i_discovery_l3gd20.o(i.L3GD20_Read) refers to stm32f4xx_gpio.o(i.GPIO_ResetBits) for GPIO_ResetBits
    stm32f429i_discovery_l3gd20.o(i.L3GD20_Read) refers to stm32f429i_discovery_l3gd20.o(i.L3GD20_SendByte) for L3GD20_SendByte
    stm32f429i_discovery_l3gd20.o(i.L3GD20_Read) refers to stm32f4xx_gpio.o(i.GPIO_SetBits) for GPIO_SetBits
    stm32f429i_discovery_l3gd20.o(i.L3GD20_RebootCmd) refers to stm32f429i_discovery_l3gd20.o(i.L3GD20_Read) for L3GD20_Read
    stm32f429i_discovery_l3gd20.o(i.L3GD20_RebootCmd) refers to stm32f429i_discovery_l3gd20.o(i.L3GD20_Write) for L3GD20_Write
    stm32f429i_discovery_l3gd20.o(i.L3GD20_SendByte) refers to stm32f4xx_spi.o(i.SPI_I2S_GetFlagStatus) for SPI_I2S_GetFlagStatus
    stm32f429i_discovery_l3gd20.o(i.L3GD20_SendByte) refers to stm32f4xx_spi.o(i.SPI_I2S_SendData) for SPI_I2S_SendData
    stm32f429i_discovery_l3gd20.o(i.L3GD20_SendByte) refers to main.o(i.L3GD20_TIMEOUT_UserCallback) for L3GD20_TIMEOUT_UserCallback
    stm32f429i_discovery_l3gd20.o(i.L3GD20_SendByte) refers to stm32f4xx_spi.o(i.SPI_I2S_ReceiveData) for SPI_I2S_ReceiveData
    stm32f429i_discovery_l3gd20.o(i.L3GD20_SendByte) refers to stm32f429i_discovery_l3gd20.o(.data) for .data
    stm32f429i_discovery_l3gd20.o(i.L3GD20_Write) refers to stm32f4xx_gpio.o(i.GPIO_ResetBits) for GPIO_ResetBits
    stm32f429i_discovery_l3gd20.o(i.L3GD20_Write) refers to stm32f429i_discovery_l3gd20.o(i.L3GD20_SendByte) for L3GD20_SendByte
    stm32f429i_discovery_l3gd20.o(i.L3GD20_Write) refers to stm32f4xx_gpio.o(i.GPIO_SetBits) for GPIO_SetBits
    stm32f4xx_dma2d.o(i.DMA2D_DeInit) refers to stm32f4xx_rcc.o(i.RCC_AHB1PeriphResetCmd) for RCC_AHB1PeriphResetCmd
    stm32f4xx_gpio.o(i.GPIO_DeInit) refers to stm32f4xx_rcc.o(i.RCC_AHB1PeriphResetCmd) for RCC_AHB1PeriphResetCmd
    stm32f4xx_i2c.o(i.I2C_DeInit) refers to stm32f4xx_rcc.o(i.RCC_APB1PeriphResetCmd) for RCC_APB1PeriphResetCmd
    stm32f4xx_i2c.o(i.I2C_Init) refers to stm32f4xx_rcc.o(i.RCC_GetClocksFreq) for RCC_GetClocksFreq
    stm32f4xx_ltdc.o(i.LTDC_DeInit) refers to stm32f4xx_rcc.o(i.RCC_APB2PeriphResetCmd) for RCC_APB2PeriphResetCmd
    stm32f4xx_rcc.o(i.RCC_GetClocksFreq) refers to stm32f4xx_rcc.o(.data) for .data
    stm32f4xx_rcc.o(i.RCC_WaitForHSEStartUp) refers to stm32f4xx_rcc.o(i.RCC_GetFlagStatus) for RCC_GetFlagStatus
    stm32f4xx_spi.o(i.SPI_I2S_DeInit) refers to stm32f4xx_rcc.o(i.RCC_APB1PeriphResetCmd) for RCC_APB1PeriphResetCmd
    stm32f4xx_spi.o(i.SPI_I2S_DeInit) refers to stm32f4xx_rcc.o(i.RCC_APB2PeriphResetCmd) for RCC_APB2PeriphResetCmd
    stm32f4xx_syscfg.o(i.SYSCFG_DeInit) refers to stm32f4xx_rcc.o(i.RCC_APB2PeriphResetCmd) for RCC_APB2PeriphResetCmd
    main.o(i.Delay) refers to main.o(.data) for .data
    main.o(i.Demo_GyroReadAngRate) refers to stm32f429i_discovery_l3gd20.o(i.L3GD20_Read) for L3GD20_Read
    main.o(i.Demo_MEMS) refers to main.o(i.Demo_GyroReadAngRate) for Demo_GyroReadAngRate
    main.o(i.Demo_MEMS) refers to stm32f429i_discovery_lcd.o(i.LCD_Clear) for LCD_Clear
    main.o(i.Demo_MEMS) refers to stm32f429i_discovery_lcd.o(i.LCD_SetTextColor) for LCD_SetTextColor
    main.o(i.Demo_MEMS) refers to stm32f429i_discovery_lcd.o(i.LCD_SetFont) for LCD_SetFont
    main.o(i.Demo_MEMS) refers to stm32f429i_discovery_lcd.o(i.LCD_GetFont) for LCD_GetFont
    main.o(i.Demo_MEMS) refers to stm32f429i_discovery_lcd.o(i.LCD_DisplayStringLine) for LCD_DisplayStringLine
    main.o(i.Demo_MEMS) refers to main.o(i.Delay) for Delay
    main.o(i.Demo_MEMS) refers to main.o(.bss) for .bss
    main.o(i.Demo_MEMS) refers to main.o(.data) for .data
    main.o(i.Demo_MEMS) refers to stm32f429i_discovery_lcd.o(.data) for Font16x24
    main.o(i.Gyro_SimpleCalibration) refers to main.o(i.Demo_GyroReadAngRate) for Demo_GyroReadAngRate
    main.o(i.Gyro_SimpleCalibration) refers to main.o(.data) for .data
    main.o(i.TimingDelay_Decrement) refers to main.o(.data) for .data
    main.o(i.main) refers to stm32f4xx_rcc.o(i.RCC_GetClocksFreq) for RCC_GetClocksFreq
    main.o(i.main) refers to stm32f429i_discovery_lcd.o(i.LCD_Init) for LCD_Init
    main.o(i.main) refers to stm32f429i_discovery_lcd.o(i.LCD_LayerInit) for LCD_LayerInit
    main.o(i.main) refers to stm32f4xx_ltdc.o(i.LTDC_Cmd) for LTDC_Cmd
    main.o(i.main) refers to stm32f429i_discovery_lcd.o(i.LCD_SetLayer) for LCD_SetLayer
    main.o(i.main) refers to stm32f429i_discovery_lcd.o(i.LCD_Clear) for LCD_Clear
    main.o(i.main) refers to stm32f429i_discovery_l3gd20.o(i.L3GD20_Init) for L3GD20_Init
    main.o(i.main) refers to stm32f429i_discovery_l3gd20.o(i.L3GD20_FilterConfig) for L3GD20_FilterConfig
    main.o(i.main) refers to stm32f429i_discovery_l3gd20.o(i.L3GD20_FilterCmd) for L3GD20_FilterCmd
    main.o(i.main) refers to main.o(i.Gyro_SimpleCalibration) for Gyro_SimpleCalibration
    main.o(i.main) refers to main.o(i.Demo_MEMS) for Demo_MEMS
    main.o(i.main) refers to main.o(.bss) for .bss
    stm32f4xx_it.o(i.SysTick_Handler) refers to main.o(i.TimingDelay_Decrement) for TimingDelay_Decrement
    system_stm32f4xx.o(i.SystemCoreClockUpdate) refers to system_stm32f4xx.o(.data) for .data
    system_stm32f4xx.o(i.SystemInit) refers to system_stm32f4xx.o(i.SetSysClock) for SetSysClock
    entry.o(.ARM.Collect$$$$00000000) refers (Special) to entry10a.o(.ARM.Collect$$$$0000000D) for __rt_final_cpp
    entry.o(.ARM.Collect$$$$00000000) refers (Special) to entry11a.o(.ARM.Collect$$$$0000000F) for __rt_final_exit
    entry.o(.ARM.Collect$$$$00000000) refers (Special) to entry7b.o(.ARM.Collect$$$$00000008) for _main_clock
    entry.o(.ARM.Collect$$$$00000000) refers (Special) to entry8b.o(.ARM.Collect$$$$0000000A) for _main_cpp_init
    entry.o(.ARM.Collect$$$$00000000) refers (Special) to entry9a.o(.ARM.Collect$$$$0000000B) for _main_init
    entry.o(.ARM.Collect$$$$00000000) refers (Special) to entry5.o(.ARM.Collect$$$$00000004) for _main_scatterload
    entry.o(.ARM.Collect$$$$00000000) refers (Special) to entry2.o(.ARM.Collect$$$$00000001) for _main_stk
    entry2.o(.ARM.Collect$$$$00000001) refers to entry2.o(.ARM.Collect$$$$00002712) for __lit__00000000
    entry2.o(.ARM.Collect$$$$00002712) refers to startup_stm32f429_439xx.o(STACK) for __initial_sp
    entry2.o(__vectab_stack_and_reset_area) refers to startup_stm32f429_439xx.o(STACK) for __initial_sp
    entry2.o(__vectab_stack_and_reset_area) refers to entry.o(.ARM.Collect$$$$00000000) for __main
    entry5.o(.ARM.Collect$$$$00000004) refers to init.o(.text) for __scatterload
    entry9a.o(.ARM.Collect$$$$0000000B) refers to main.o(i.main) for main
    entry9b.o(.ARM.Collect$$$$0000000C) refers to main.o(i.main) for main
    init.o(.text) refers to entry5.o(.ARM.Collect$$$$00000004) for __main_after_scatterload


==============================================================================

Removing Unused input sections from the image.

    Removing startup_stm32f429_439xx.o(HEAP), (512 bytes).
    Removing stm32f429i_discovery.o(.rev16_text), (4 bytes).
    Removing stm32f429i_discovery.o(.revsh_text), (4 bytes).
    Removing stm32f429i_discovery.o(i.STM_EVAL_LEDInit), (72 bytes).
    Removing stm32f429i_discovery.o(i.STM_EVAL_LEDOff), (24 bytes).
    Removing stm32f429i_discovery.o(i.STM_EVAL_LEDOn), (24 bytes).
    Removing stm32f429i_discovery.o(i.STM_EVAL_LEDToggle), (28 bytes).
    Removing stm32f429i_discovery.o(i.STM_EVAL_PBGetState), (24 bytes).
    Removing stm32f429i_discovery.o(i.STM_EVAL_PBInit), (156 bytes).
    Removing stm32f429i_discovery.o(i.sEE_LowLevel_DMAConfig), (44 bytes).
    Removing stm32f429i_discovery.o(i.sEE_LowLevel_DeInit), (152 bytes).
    Removing stm32f429i_discovery.o(i.sEE_LowLevel_Init), (332 bytes).
    Removing stm32f429i_discovery.o(.bss), (60 bytes).
    Removing stm32f429i_discovery.o(.constdata), (24 bytes).
    Removing stm32f429i_discovery.o(.data), (16 bytes).
    Removing stm32f429i_discovery_lcd.o(.rev16_text), (4 bytes).
    Removing stm32f429i_discovery_lcd.o(.revsh_text), (4 bytes).
    Removing stm32f429i_discovery_lcd.o(i.LCD_ClearLine), (52 bytes).
    Removing stm32f429i_discovery_lcd.o(i.LCD_ClosedPolyLine), (34 bytes).
    Removing stm32f429i_discovery_lcd.o(i.LCD_ClosedPolyLineRelative), (6 bytes).
    Removing stm32f429i_discovery_lcd.o(i.LCD_DeInit), (540 bytes).
    Removing stm32f429i_discovery_lcd.o(i.LCD_DisplayOff), (6 bytes).
    Removing stm32f429i_discovery_lcd.o(i.LCD_DisplayOn), (6 bytes).
    Removing stm32f429i_discovery_lcd.o(i.LCD_DrawCircle), (120 bytes).
    Removing stm32f429i_discovery_lcd.o(i.LCD_DrawEllipse), (444 bytes).
    Removing stm32f429i_discovery_lcd.o(i.LCD_DrawFullCircle), (152 bytes).
    Removing stm32f429i_discovery_lcd.o(i.LCD_DrawFullEllipse), (402 bytes).
    Removing stm32f429i_discovery_lcd.o(i.LCD_DrawFullRect), (104 bytes).
    Removing stm32f429i_discovery_lcd.o(i.LCD_DrawLine), (124 bytes).
    Removing stm32f429i_discovery_lcd.o(i.LCD_DrawMonoPict), (60 bytes).
    Removing stm32f429i_discovery_lcd.o(i.LCD_DrawRect), (64 bytes).
    Removing stm32f429i_discovery_lcd.o(i.LCD_DrawUniLine), (196 bytes).
    Removing stm32f429i_discovery_lcd.o(i.LCD_FillPolyLine), (276 bytes).
    Removing stm32f429i_discovery_lcd.o(i.LCD_FillTriangle), (188 bytes).
    Removing stm32f429i_discovery_lcd.o(i.LCD_GetColors), (16 bytes).
    Removing stm32f429i_discovery_lcd.o(i.LCD_PolyLine), (42 bytes).
    Removing stm32f429i_discovery_lcd.o(i.LCD_PolyLineRelative), (6 bytes).
    Removing stm32f429i_discovery_lcd.o(i.LCD_PolyLineRelativeClosed), (98 bytes).
    Removing stm32f429i_discovery_lcd.o(i.LCD_ReSetColorKeying), (44 bytes).
    Removing stm32f429i_discovery_lcd.o(i.LCD_SetBackColor), (12 bytes).
    Removing stm32f429i_discovery_lcd.o(i.LCD_SetColorKeying), (60 bytes).
    Removing stm32f429i_discovery_lcd.o(i.LCD_SetColors), (12 bytes).
    Removing stm32f429i_discovery_lcd.o(i.LCD_SetCursor), (24 bytes).
    Removing stm32f429i_discovery_lcd.o(i.LCD_SetDisplayWindow), (68 bytes).
    Removing stm32f429i_discovery_lcd.o(i.LCD_SetTransparency), (44 bytes).
    Removing stm32f429i_discovery_lcd.o(i.LCD_Triangle), (62 bytes).
    Removing stm32f429i_discovery_lcd.o(i.LCD_WindowModeDisable), (14 bytes).
    Removing stm32f429i_discovery_lcd.o(i.LCD_WriteBMP), (236 bytes).
    Removing stm32f429i_discovery_lcd.o(.constdata), (2304 bytes).
    Removing stm32f429i_discovery_lcd.o(.constdata), (2304 bytes).
    Removing stm32f429i_discovery_lcd.o(.constdata), (1536 bytes).
    Removing stm32f429i_discovery_lcd.o(.data), (8 bytes).
    Removing stm32f429i_discovery_lcd.o(.data), (8 bytes).
    Removing stm32f429i_discovery_lcd.o(.data), (8 bytes).
    Removing stm32f429i_discovery_sdram.o(.rev16_text), (4 bytes).
    Removing stm32f429i_discovery_sdram.o(.revsh_text), (4 bytes).
    Removing stm32f429i_discovery_sdram.o(i.SDRAM_ReadBuffer), (46 bytes).
    Removing stm32f429i_discovery_sdram.o(i.SDRAM_WriteBuffer), (54 bytes).
    Removing stm32f429i_discovery_l3gd20.o(.rev16_text), (4 bytes).
    Removing stm32f429i_discovery_l3gd20.o(.revsh_text), (4 bytes).
    Removing stm32f429i_discovery_l3gd20.o(i.L3GD20_GetDataStatus), (18 bytes).
    Removing stm32f429i_discovery_l3gd20.o(i.L3GD20_INT1InterruptCmd), (40 bytes).
    Removing stm32f429i_discovery_l3gd20.o(i.L3GD20_INT1InterruptConfig), (100 bytes).
    Removing stm32f429i_discovery_l3gd20.o(i.L3GD20_INT2InterruptCmd), (40 bytes).
    Removing stm32f429i_discovery_l3gd20.o(i.L3GD20_RebootCmd), (36 bytes).
    Removing stm32f4xx_dma2d.o(.rev16_text), (4 bytes).
    Removing stm32f4xx_dma2d.o(.revsh_text), (4 bytes).
    Removing stm32f4xx_dma2d.o(i.DMA2D_AbortTransfer), (16 bytes).
    Removing stm32f4xx_dma2d.o(i.DMA2D_BGConfig), (108 bytes).
    Removing stm32f4xx_dma2d.o(i.DMA2D_BGStart), (28 bytes).
    Removing stm32f4xx_dma2d.o(i.DMA2D_BG_StructInit), (26 bytes).
    Removing stm32f4xx_dma2d.o(i.DMA2D_ClearFlag), (12 bytes).
    Removing stm32f4xx_dma2d.o(i.DMA2D_ClearITPendingBit), (12 bytes).
    Removing stm32f4xx_dma2d.o(i.DMA2D_DeInit), (24 bytes).
    Removing stm32f4xx_dma2d.o(i.DMA2D_DeadTimeConfig), (44 bytes).
    Removing stm32f4xx_dma2d.o(i.DMA2D_FGConfig), (108 bytes).
    Removing stm32f4xx_dma2d.o(i.DMA2D_FGStart), (28 bytes).
    Removing stm32f4xx_dma2d.o(i.DMA2D_FG_StructInit), (26 bytes).
    Removing stm32f4xx_dma2d.o(i.DMA2D_GetFlagStatus), (20 bytes).
    Removing stm32f4xx_dma2d.o(i.DMA2D_GetITStatus), (36 bytes).
    Removing stm32f4xx_dma2d.o(i.DMA2D_ITConfig), (24 bytes).
    Removing stm32f4xx_dma2d.o(i.DMA2D_Init), (180 bytes).
    Removing stm32f4xx_dma2d.o(i.DMA2D_LineWatermarkConfig), (12 bytes).
    Removing stm32f4xx_dma2d.o(i.DMA2D_StartTransfer), (16 bytes).
    Removing stm32f4xx_dma2d.o(i.DMA2D_StructInit), (24 bytes).
    Removing stm32f4xx_dma2d.o(i.DMA2D_Suspend), (28 bytes).
    Removing stm32f4xx_exti.o(.rev16_text), (4 bytes).
    Removing stm32f4xx_exti.o(.revsh_text), (4 bytes).
    Removing stm32f4xx_exti.o(i.EXTI_ClearFlag), (12 bytes).
    Removing stm32f4xx_exti.o(i.EXTI_ClearITPendingBit), (12 bytes).
    Removing stm32f4xx_exti.o(i.EXTI_DeInit), (36 bytes).
    Removing stm32f4xx_exti.o(i.EXTI_GenerateSWInterrupt), (16 bytes).
    Removing stm32f4xx_exti.o(i.EXTI_GetFlagStatus), (20 bytes).
    Removing stm32f4xx_exti.o(i.EXTI_GetITStatus), (20 bytes).
    Removing stm32f4xx_exti.o(i.EXTI_Init), (112 bytes).
    Removing stm32f4xx_exti.o(i.EXTI_StructInit), (14 bytes).
    Removing stm32f4xx_fmc.o(.rev16_text), (4 bytes).
    Removing stm32f4xx_fmc.o(.revsh_text), (4 bytes).
    Removing stm32f4xx_fmc.o(i.FMC_ClearFlag), (56 bytes).
    Removing stm32f4xx_fmc.o(i.FMC_ClearITPendingBit), (62 bytes).
    Removing stm32f4xx_fmc.o(i.FMC_GetECC), (18 bytes).
    Removing stm32f4xx_fmc.o(i.FMC_GetITStatus), (82 bytes).
    Removing stm32f4xx_fmc.o(i.FMC_GetModeStatus), (26 bytes).
    Removing stm32f4xx_fmc.o(i.FMC_ITConfig), (102 bytes).
    Removing stm32f4xx_fmc.o(i.FMC_NANDCmd), (56 bytes).
    Removing stm32f4xx_fmc.o(i.FMC_NANDDeInit), (40 bytes).
    Removing stm32f4xx_fmc.o(i.FMC_NANDECCCmd), (56 bytes).
    Removing stm32f4xx_fmc.o(i.FMC_NANDInit), (104 bytes).
    Removing stm32f4xx_fmc.o(i.FMC_NANDStructInit), (54 bytes).
    Removing stm32f4xx_fmc.o(i.FMC_NORSRAMCmd), (32 bytes).
    Removing stm32f4xx_fmc.o(i.FMC_NORSRAMDeInit), (40 bytes).
    Removing stm32f4xx_fmc.o(i.FMC_NORSRAMInit), (260 bytes).
    Removing stm32f4xx_fmc.o(i.FMC_NORSRAMStructInit), (102 bytes).
    Removing stm32f4xx_fmc.o(i.FMC_PCCARDCmd), (32 bytes).
    Removing stm32f4xx_fmc.o(i.FMC_PCCARDDeInit), (26 bytes).
    Removing stm32f4xx_fmc.o(i.FMC_PCCARDInit), (102 bytes).
    Removing stm32f4xx_fmc.o(i.FMC_PCCARDStructInit), (60 bytes).
    Removing stm32f4xx_fmc.o(i.FMC_SDRAMDeInit), (42 bytes).
    Removing stm32f4xx_fmc.o(i.FMC_SDRAMStructInit), (60 bytes).
    Removing stm32f4xx_fmc.o(i.FMC_SDRAMWriteProtectionConfig), (32 bytes).
    Removing stm32f4xx_fmc.o(i.FMC_SetAutoRefresh_Number), (18 bytes).
    Removing stm32f4xx_gpio.o(.rev16_text), (4 bytes).
    Removing stm32f4xx_gpio.o(.revsh_text), (4 bytes).
    Removing stm32f4xx_gpio.o(i.GPIO_DeInit), (260 bytes).
    Removing stm32f4xx_gpio.o(i.GPIO_PinLockConfig), (24 bytes).
    Removing stm32f4xx_gpio.o(i.GPIO_ReadInputData), (6 bytes).
    Removing stm32f4xx_gpio.o(i.GPIO_ReadInputDataBit), (14 bytes).
    Removing stm32f4xx_gpio.o(i.GPIO_ReadOutputData), (6 bytes).
    Removing stm32f4xx_gpio.o(i.GPIO_ReadOutputDataBit), (14 bytes).
    Removing stm32f4xx_gpio.o(i.GPIO_StructInit), (18 bytes).
    Removing stm32f4xx_gpio.o(i.GPIO_ToggleBits), (8 bytes).
    Removing stm32f4xx_gpio.o(i.GPIO_Write), (4 bytes).
    Removing stm32f4xx_i2c.o(.rev16_text), (4 bytes).
    Removing stm32f4xx_i2c.o(.revsh_text), (4 bytes).
    Removing stm32f4xx_i2c.o(i.I2C_ARPCmd), (20 bytes).
    Removing stm32f4xx_i2c.o(i.I2C_AcknowledgeConfig), (20 bytes).
    Removing stm32f4xx_i2c.o(i.I2C_AnalogFilterCmd), (20 bytes).
    Removing stm32f4xx_i2c.o(i.I2C_CalculatePEC), (20 bytes).
    Removing stm32f4xx_i2c.o(i.I2C_CheckEvent), (24 bytes).
    Removing stm32f4xx_i2c.o(i.I2C_ClearFlag), (6 bytes).
    Removing stm32f4xx_i2c.o(i.I2C_ClearITPendingBit), (6 bytes).
    Removing stm32f4xx_i2c.o(i.I2C_Cmd), (20 bytes).
    Removing stm32f4xx_i2c.o(i.I2C_DMACmd), (20 bytes).
    Removing stm32f4xx_i2c.o(i.I2C_DMALastTransferCmd), (20 bytes).
    Removing stm32f4xx_i2c.o(i.I2C_DeInit), (68 bytes).
    Removing stm32f4xx_i2c.o(i.I2C_DigitalFilterConfig), (16 bytes).
    Removing stm32f4xx_i2c.o(i.I2C_DualAddressCmd), (20 bytes).
    Removing stm32f4xx_i2c.o(i.I2C_FastModeDutyCycleConfig), (22 bytes).
    Removing stm32f4xx_i2c.o(i.I2C_GeneralCallCmd), (20 bytes).
    Removing stm32f4xx_i2c.o(i.I2C_GenerateSTART), (20 bytes).
    Removing stm32f4xx_i2c.o(i.I2C_GenerateSTOP), (20 bytes).
    Removing stm32f4xx_i2c.o(i.I2C_GetFlagStatus), (42 bytes).
    Removing stm32f4xx_i2c.o(i.I2C_GetITStatus), (36 bytes).
    Removing stm32f4xx_i2c.o(i.I2C_GetLastEvent), (14 bytes).
    Removing stm32f4xx_i2c.o(i.I2C_GetPEC), (6 bytes).
    Removing stm32f4xx_i2c.o(i.I2C_ITConfig), (16 bytes).
    Removing stm32f4xx_i2c.o(i.I2C_Init), (184 bytes).
    Removing stm32f4xx_i2c.o(i.I2C_NACKPositionConfig), (22 bytes).
    Removing stm32f4xx_i2c.o(i.I2C_OwnAddress2Config), (16 bytes).
    Removing stm32f4xx_i2c.o(i.I2C_PECPositionConfig), (22 bytes).
    Removing stm32f4xx_i2c.o(i.I2C_ReadRegister), (10 bytes).
    Removing stm32f4xx_i2c.o(i.I2C_ReceiveData), (6 bytes).
    Removing stm32f4xx_i2c.o(i.I2C_SMBusAlertConfig), (22 bytes).
    Removing stm32f4xx_i2c.o(i.I2C_Send7bitAddress), (16 bytes).
    Removing stm32f4xx_i2c.o(i.I2C_SendData), (4 bytes).
    Removing stm32f4xx_i2c.o(i.I2C_SoftwareResetCmd), (20 bytes).
    Removing stm32f4xx_i2c.o(i.I2C_StretchClockCmd), (20 bytes).
    Removing stm32f4xx_i2c.o(i.I2C_StructInit), (28 bytes).
    Removing stm32f4xx_i2c.o(i.I2C_TransmitPEC), (20 bytes).
    Removing stm32f4xx_ltdc.o(.rev16_text), (4 bytes).
    Removing stm32f4xx_ltdc.o(.revsh_text), (4 bytes).
    Removing stm32f4xx_ltdc.o(i.LTDC_CLUTCmd), (32 bytes).
    Removing stm32f4xx_ltdc.o(i.LTDC_CLUTInit), (26 bytes).
    Removing stm32f4xx_ltdc.o(i.LTDC_CLUTStructInit), (12 bytes).
    Removing stm32f4xx_ltdc.o(i.LTDC_ClearFlag), (12 bytes).
    Removing stm32f4xx_ltdc.o(i.LTDC_ClearITPendingBit), (12 bytes).
    Removing stm32f4xx_ltdc.o(i.LTDC_ColorKeyingConfig), (64 bytes).
    Removing stm32f4xx_ltdc.o(i.LTDC_ColorKeyingStructInit), (10 bytes).
    Removing stm32f4xx_ltdc.o(i.LTDC_DeInit), (24 bytes).
    Removing stm32f4xx_ltdc.o(i.LTDC_GetCDStatus), (20 bytes).
    Removing stm32f4xx_ltdc.o(i.LTDC_GetFlagStatus), (20 bytes).
    Removing stm32f4xx_ltdc.o(i.LTDC_GetITStatus), (36 bytes).
    Removing stm32f4xx_ltdc.o(i.LTDC_GetPosStatus), (28 bytes).
    Removing stm32f4xx_ltdc.o(i.LTDC_GetRGBWidth), (44 bytes).
    Removing stm32f4xx_ltdc.o(i.LTDC_ITConfig), (24 bytes).
    Removing stm32f4xx_ltdc.o(i.LTDC_LIPConfig), (12 bytes).
    Removing stm32f4xx_ltdc.o(i.LTDC_LayerAddress), (4 bytes).
    Removing stm32f4xx_ltdc.o(i.LTDC_LayerAlpha), (4 bytes).
    Removing stm32f4xx_ltdc.o(i.LTDC_LayerPixelFormat), (96 bytes).
    Removing stm32f4xx_ltdc.o(i.LTDC_LayerPosition), (116 bytes).
    Removing stm32f4xx_ltdc.o(i.LTDC_LayerSize), (86 bytes).
    Removing stm32f4xx_ltdc.o(i.LTDC_LayerStructInit), (44 bytes).
    Removing stm32f4xx_ltdc.o(i.LTDC_PosStructInit), (8 bytes).
    Removing stm32f4xx_ltdc.o(i.LTDC_RGBStructInit), (10 bytes).
    Removing stm32f4xx_ltdc.o(i.LTDC_StructInit), (34 bytes).
    Removing stm32f4xx_rcc.o(.rev16_text), (4 bytes).
    Removing stm32f4xx_rcc.o(.revsh_text), (4 bytes).
    Removing stm32f4xx_rcc.o(i.RCC_AHB1PeriphClockLPModeCmd), (24 bytes).
    Removing stm32f4xx_rcc.o(i.RCC_AHB1PeriphResetCmd), (24 bytes).
    Removing stm32f4xx_rcc.o(i.RCC_AHB2PeriphClockCmd), (24 bytes).
    Removing stm32f4xx_rcc.o(i.RCC_AHB2PeriphClockLPModeCmd), (24 bytes).
    Removing stm32f4xx_rcc.o(i.RCC_AHB2PeriphResetCmd), (24 bytes).
    Removing stm32f4xx_rcc.o(i.RCC_AHB3PeriphClockLPModeCmd), (24 bytes).
    Removing stm32f4xx_rcc.o(i.RCC_AHB3PeriphResetCmd), (24 bytes).
    Removing stm32f4xx_rcc.o(i.RCC_APB1PeriphClockCmd), (24 bytes).
    Removing stm32f4xx_rcc.o(i.RCC_APB1PeriphClockLPModeCmd), (24 bytes).
    Removing stm32f4xx_rcc.o(i.RCC_APB2PeriphClockLPModeCmd), (24 bytes).
    Removing stm32f4xx_rcc.o(i.RCC_AdjustHSICalibrationValue), (20 bytes).
    Removing stm32f4xx_rcc.o(i.RCC_BackupResetCmd), (12 bytes).
    Removing stm32f4xx_rcc.o(i.RCC_ClearFlag), (16 bytes).
    Removing stm32f4xx_rcc.o(i.RCC_ClearITPendingBit), (12 bytes).
    Removing stm32f4xx_rcc.o(i.RCC_ClockSecuritySystemCmd), (12 bytes).
    Removing stm32f4xx_rcc.o(i.RCC_DeInit), (84 bytes).
    Removing stm32f4xx_rcc.o(i.RCC_GetITStatus), (20 bytes).
    Removing stm32f4xx_rcc.o(i.RCC_GetSYSCLKSource), (16 bytes).
    Removing stm32f4xx_rcc.o(i.RCC_HCLKConfig), (20 bytes).
    Removing stm32f4xx_rcc.o(i.RCC_HSEConfig), (16 bytes).
    Removing stm32f4xx_rcc.o(i.RCC_HSICmd), (12 bytes).
    Removing stm32f4xx_rcc.o(i.RCC_I2SCLKConfig), (12 bytes).
    Removing stm32f4xx_rcc.o(i.RCC_ITConfig), (24 bytes).
    Removing stm32f4xx_rcc.o(i.RCC_LSEConfig), (28 bytes).
    Removing stm32f4xx_rcc.o(i.RCC_LSICmd), (12 bytes).
    Removing stm32f4xx_rcc.o(i.RCC_MCO1Config), (20 bytes).
    Removing stm32f4xx_rcc.o(i.RCC_MCO2Config), (20 bytes).
    Removing stm32f4xx_rcc.o(i.RCC_PCLK1Config), (20 bytes).
    Removing stm32f4xx_rcc.o(i.RCC_PCLK2Config), (20 bytes).
    Removing stm32f4xx_rcc.o(i.RCC_PLLCmd), (12 bytes).
    Removing stm32f4xx_rcc.o(i.RCC_PLLConfig), (40 bytes).
    Removing stm32f4xx_rcc.o(i.RCC_PLLI2SCmd), (12 bytes).
    Removing stm32f4xx_rcc.o(i.RCC_PLLI2SConfig), (20 bytes).
    Removing stm32f4xx_rcc.o(i.RCC_RTCCLKCmd), (12 bytes).
    Removing stm32f4xx_rcc.o(i.RCC_RTCCLKConfig), (48 bytes).
    Removing stm32f4xx_rcc.o(i.RCC_SAIBlockACLKConfig), (20 bytes).
    Removing stm32f4xx_rcc.o(i.RCC_SAIBlockBCLKConfig), (20 bytes).
    Removing stm32f4xx_rcc.o(i.RCC_SAIPLLI2SClkDivConfig), (20 bytes).
    Removing stm32f4xx_rcc.o(i.RCC_SAIPLLSAIClkDivConfig), (28 bytes).
    Removing stm32f4xx_rcc.o(i.RCC_SYSCLKConfig), (20 bytes).
    Removing stm32f4xx_rcc.o(i.RCC_TIMCLKPresConfig), (12 bytes).
    Removing stm32f4xx_rcc.o(i.RCC_WaitForHSEStartUp), (44 bytes).
    Removing misc.o(.rev16_text), (4 bytes).
    Removing misc.o(.revsh_text), (4 bytes).
    Removing misc.o(i.NVIC_Init), (100 bytes).
    Removing misc.o(i.NVIC_PriorityGroupConfig), (20 bytes).
    Removing misc.o(i.NVIC_SetVectorTable), (20 bytes).
    Removing misc.o(i.NVIC_SystemLPConfig), (24 bytes).
    Removing misc.o(i.SysTick_CLKSourceConfig), (24 bytes).
    Removing stm32f4xx_dma.o(.rev16_text), (4 bytes).
    Removing stm32f4xx_dma.o(.revsh_text), (4 bytes).
    Removing stm32f4xx_dma.o(i.DMA_ClearFlag), (44 bytes).
    Removing stm32f4xx_dma.o(i.DMA_ClearITPendingBit), (44 bytes).
    Removing stm32f4xx_dma.o(i.DMA_Cmd), (20 bytes).
    Removing stm32f4xx_dma.o(i.DMA_DeInit), (292 bytes).
    Removing stm32f4xx_dma.o(i.DMA_DoubleBufferModeCmd), (20 bytes).
    Removing stm32f4xx_dma.o(i.DMA_DoubleBufferModeConfig), (22 bytes).
    Removing stm32f4xx_dma.o(i.DMA_FlowControllerConfig), (20 bytes).
    Removing stm32f4xx_dma.o(i.DMA_GetCmdStatus), (14 bytes).
    Removing stm32f4xx_dma.o(i.DMA_GetCurrDataCounter), (6 bytes).
    Removing stm32f4xx_dma.o(i.DMA_GetCurrentMemoryTarget), (14 bytes).
    Removing stm32f4xx_dma.o(i.DMA_GetFIFOStatus), (8 bytes).
    Removing stm32f4xx_dma.o(i.DMA_GetFlagStatus), (52 bytes).
    Removing stm32f4xx_dma.o(i.DMA_GetITStatus), (84 bytes).
    Removing stm32f4xx_dma.o(i.DMA_ITConfig), (44 bytes).
    Removing stm32f4xx_dma.o(i.DMA_Init), (84 bytes).
    Removing stm32f4xx_dma.o(i.DMA_MemoryTargetConfig), (10 bytes).
    Removing stm32f4xx_dma.o(i.DMA_PeriphIncOffsetSizeConfig), (20 bytes).
    Removing stm32f4xx_dma.o(i.DMA_SetCurrDataCounter), (4 bytes).
    Removing stm32f4xx_dma.o(i.DMA_StructInit), (34 bytes).
    Removing stm32f4xx_spi.o(.rev16_text), (4 bytes).
    Removing stm32f4xx_spi.o(.revsh_text), (4 bytes).
    Removing stm32f4xx_spi.o(i.I2S_Cmd), (20 bytes).
    Removing stm32f4xx_spi.o(i.I2S_FullDuplexConfig), (58 bytes).
    Removing stm32f4xx_spi.o(i.I2S_Init), (200 bytes).
    Removing stm32f4xx_spi.o(i.I2S_StructInit), (18 bytes).
    Removing stm32f4xx_spi.o(i.SPI_BiDirectionalLineConfig), (22 bytes).
    Removing stm32f4xx_spi.o(i.SPI_CalculateCRC), (20 bytes).
    Removing stm32f4xx_spi.o(i.SPI_DataSizeConfig), (16 bytes).
    Removing stm32f4xx_spi.o(i.SPI_GetCRC), (12 bytes).
    Removing stm32f4xx_spi.o(i.SPI_GetCRCPolynomial), (4 bytes).
    Removing stm32f4xx_spi.o(i.SPI_I2S_ClearFlag), (6 bytes).
    Removing stm32f4xx_spi.o(i.SPI_I2S_ClearITPendingBit), (14 bytes).
    Removing stm32f4xx_spi.o(i.SPI_I2S_DMACmd), (16 bytes).
    Removing stm32f4xx_spi.o(i.SPI_I2S_GetITStatus), (42 bytes).
    Removing stm32f4xx_spi.o(i.SPI_I2S_ITConfig), (24 bytes).
    Removing stm32f4xx_spi.o(i.SPI_NSSInternalSoftwareConfig), (24 bytes).
    Removing stm32f4xx_spi.o(i.SPI_SSOutputCmd), (20 bytes).
    Removing stm32f4xx_spi.o(i.SPI_StructInit), (24 bytes).
    Removing stm32f4xx_spi.o(i.SPI_TIModeCmd), (20 bytes).
    Removing stm32f4xx_spi.o(i.SPI_TransmitCRC), (10 bytes).
    Removing stm32f4xx_syscfg.o(.rev16_text), (4 bytes).
    Removing stm32f4xx_syscfg.o(.revsh_text), (4 bytes).
    Removing stm32f4xx_syscfg.o(i.SYSCFG_CompensationCellCmd), (12 bytes).
    Removing stm32f4xx_syscfg.o(i.SYSCFG_DeInit), (24 bytes).
    Removing stm32f4xx_syscfg.o(i.SYSCFG_ETH_MediaInterfaceConfig), (12 bytes).
    Removing stm32f4xx_syscfg.o(i.SYSCFG_EXTILineConfig), (48 bytes).
    Removing stm32f4xx_syscfg.o(i.SYSCFG_GetCompensationCellStatus), (20 bytes).
    Removing stm32f4xx_syscfg.o(i.SYSCFG_MemoryRemapConfig), (12 bytes).
    Removing stm32f4xx_syscfg.o(i.SYSCFG_MemorySwappingBank), (12 bytes).
    Removing main.o(.rev16_text), (4 bytes).
    Removing main.o(.revsh_text), (4 bytes).
    Removing stm32f4xx_it.o(.rev16_text), (4 bytes).
    Removing stm32f4xx_it.o(.revsh_text), (4 bytes).
    Removing system_stm32f4xx.o(.rev16_text), (4 bytes).
    Removing system_stm32f4xx.o(.revsh_text), (4 bytes).
    Removing system_stm32f4xx.o(i.SystemCoreClockUpdate), (120 bytes).
    Removing system_stm32f4xx.o(.data), (20 bytes).

305 unused section(s) (total 18918 bytes) removed from the image.

==============================================================================

Image Symbol Table

    Local Symbols

    Symbol Name                              Value     Ov Type        Size  Object(Section)

    ../clib/microlib/init/entry.s            0x00000000   Number         0  entry.o ABSOLUTE
    ../clib/microlib/init/entry.s            0x00000000   Number         0  entry2.o ABSOLUTE
    ../clib/microlib/init/entry.s            0x00000000   Number         0  entry5.o ABSOLUTE
    ../clib/microlib/init/entry.s            0x00000000   Number         0  entry8a.o ABSOLUTE
    ../clib/microlib/init/entry.s            0x00000000   Number         0  entry7a.o ABSOLUTE
    ../clib/microlib/init/entry.s            0x00000000   Number         0  entry10a.o ABSOLUTE
    ../clib/microlib/init/entry.s            0x00000000   Number         0  entry7b.o ABSOLUTE
    ../clib/microlib/init/entry.s            0x00000000   Number         0  entry8b.o ABSOLUTE
    ../clib/microlib/init/entry.s            0x00000000   Number         0  entry11b.o ABSOLUTE
    ../clib/microlib/init/entry.s            0x00000000   Number         0  entry9a.o ABSOLUTE
    ../clib/microlib/init/entry.s            0x00000000   Number         0  entry11a.o ABSOLUTE
    ../clib/microlib/init/entry.s            0x00000000   Number         0  entry10b.o ABSOLUTE
    ../clib/microlib/init/entry.s            0x00000000   Number         0  entry9b.o ABSOLUTE
    ..\..\..\Libraries\CMSIS\Device\ST\STM32F4xx\Source\Templates\arm\startup_stm32f429_439xx.s 0x00000000   Number         0  startup_stm32f429_439xx.o ABSOLUTE
    ..\..\..\Libraries\STM32F4xx_StdPeriph_Driver\src\misc.c 0x00000000   Number         0  misc.o ABSOLUTE
    ..\..\..\Libraries\STM32F4xx_StdPeriph_Driver\src\stm32f4xx_dma.c 0x00000000   Number         0  stm32f4xx_dma.o ABSOLUTE
    ..\..\..\Libraries\STM32F4xx_StdPeriph_Driver\src\stm32f4xx_dma2d.c 0x00000000   Number         0  stm32f4xx_dma2d.o ABSOLUTE
    ..\..\..\Libraries\STM32F4xx_StdPeriph_Driver\src\stm32f4xx_exti.c 0x00000000   Number         0  stm32f4xx_exti.o ABSOLUTE
    ..\..\..\Libraries\STM32F4xx_StdPeriph_Driver\src\stm32f4xx_fmc.c 0x00000000   Number         0  stm32f4xx_fmc.o ABSOLUTE
    ..\..\..\Libraries\STM32F4xx_StdPeriph_Driver\src\stm32f4xx_gpio.c 0x00000000   Number         0  stm32f4xx_gpio.o ABSOLUTE
    ..\..\..\Libraries\STM32F4xx_StdPeriph_Driver\src\stm32f4xx_i2c.c 0x00000000   Number         0  stm32f4xx_i2c.o ABSOLUTE
    ..\..\..\Libraries\STM32F4xx_StdPeriph_Driver\src\stm32f4xx_ltdc.c 0x00000000   Number         0  stm32f4xx_ltdc.o ABSOLUTE
    ..\..\..\Libraries\STM32F4xx_StdPeriph_Driver\src\stm32f4xx_rcc.c 0x00000000   Number         0  stm32f4xx_rcc.o ABSOLUTE
    ..\..\..\Libraries\STM32F4xx_StdPeriph_Driver\src\stm32f4xx_spi.c 0x00000000   Number         0  stm32f4xx_spi.o ABSOLUTE
    ..\..\..\Libraries\STM32F4xx_StdPeriph_Driver\src\stm32f4xx_syscfg.c 0x00000000   Number         0  stm32f4xx_syscfg.o ABSOLUTE
    ..\..\..\Utilities\STM32F429I-Discovery\stm32f429i_discovery.c 0x00000000   Number         0  stm32f429i_discovery.o ABSOLUTE
    ..\..\..\Utilities\STM32F429I-Discovery\stm32f429i_discovery_l3gd20.c 0x00000000   Number         0  stm32f429i_discovery_l3gd20.o ABSOLUTE
    ..\..\..\Utilities\STM32F429I-Discovery\stm32f429i_discovery_lcd.c 0x00000000   Number         0  stm32f429i_discovery_lcd.o ABSOLUTE
    ..\..\..\Utilities\STM32F429I-Discovery\stm32f429i_discovery_sdram.c 0x00000000   Number         0  stm32f429i_discovery_sdram.o ABSOLUTE
    ..\\..\\..\\Libraries\\STM32F4xx_StdPeriph_Driver\\src\\misc.c 0x00000000   Number         0  misc.o ABSOLUTE
    ..\\..\\..\\Libraries\\STM32F4xx_StdPeriph_Driver\\src\\stm32f4xx_dma.c 0x00000000   Number         0  stm32f4xx_dma.o ABSOLUTE
    ..\\..\\..\\Libraries\\STM32F4xx_StdPeriph_Driver\\src\\stm32f4xx_dma2d.c 0x00000000   Number         0  stm32f4xx_dma2d.o ABSOLUTE
    ..\\..\\..\\Libraries\\STM32F4xx_StdPeriph_Driver\\src\\stm32f4xx_exti.c 0x00000000   Number         0  stm32f4xx_exti.o ABSOLUTE
    ..\\..\\..\\Libraries\\STM32F4xx_StdPeriph_Driver\\src\\stm32f4xx_fmc.c 0x00000000   Number         0  stm32f4xx_fmc.o ABSOLUTE
    ..\\..\\..\\Libraries\\STM32F4xx_StdPeriph_Driver\\src\\stm32f4xx_gpio.c 0x00000000   Number         0  stm32f4xx_gpio.o ABSOLUTE
    ..\\..\\..\\Libraries\\STM32F4xx_StdPeriph_Driver\\src\\stm32f4xx_i2c.c 0x00000000   Number         0  stm32f4xx_i2c.o ABSOLUTE
    ..\\..\\..\\Libraries\\STM32F4xx_StdPeriph_Driver\\src\\stm32f4xx_ltdc.c 0x00000000   Number         0  stm32f4xx_ltdc.o ABSOLUTE
    ..\\..\\..\\Libraries\\STM32F4xx_StdPeriph_Driver\\src\\stm32f4xx_rcc.c 0x00000000   Number         0  stm32f4xx_rcc.o ABSOLUTE
    ..\\..\\..\\Libraries\\STM32F4xx_StdPeriph_Driver\\src\\stm32f4xx_spi.c 0x00000000   Number         0  stm32f4xx_spi.o ABSOLUTE
    ..\\..\\..\\Libraries\\STM32F4xx_StdPeriph_Driver\\src\\stm32f4xx_syscfg.c 0x00000000   Number         0  stm32f4xx_syscfg.o ABSOLUTE
    ..\\..\\..\\Utilities\\STM32F429I-Discovery\\stm32f429i_discovery.c 0x00000000   Number         0  stm32f429i_discovery.o ABSOLUTE
    ..\\..\\..\\Utilities\\STM32F429I-Discovery\\stm32f429i_discovery_l3gd20.c 0x00000000   Number         0  stm32f429i_discovery_l3gd20.o ABSOLUTE
    ..\\..\\..\\Utilities\\STM32F429I-Discovery\\stm32f429i_discovery_lcd.c 0x00000000   Number         0  stm32f429i_discovery_lcd.o ABSOLUTE
    ..\\..\\..\\Utilities\\STM32F429I-Discovery\\stm32f429i_discovery_sdram.c 0x00000000   Number         0  stm32f429i_discovery_sdram.o ABSOLUTE
    ..\\main.c                               0x00000000   Number         0  main.o ABSOLUTE
    ..\\stm32f4xx_it.c                       0x00000000   Number         0  stm32f4xx_it.o ABSOLUTE
    ..\\system_stm32f4xx.c                   0x00000000   Number         0  system_stm32f4xx.o ABSOLUTE
    ..\main.c                                0x00000000   Number         0  main.o ABSOLUTE
    ..\stm32f4xx_it.c                        0x00000000   Number         0  stm32f4xx_it.o ABSOLUTE
    ..\system_stm32f4xx.c                    0x00000000   Number         0  system_stm32f4xx.o ABSOLUTE
    dc.s                                     0x00000000   Number         0  dc.o ABSOLUTE
    handlers.s                               0x00000000   Number         0  handlers.o ABSOLUTE
    init.s                                   0x00000000   Number         0  init.o ABSOLUTE
    RESET                                    0x08000000   Section      428  startup_stm32f429_439xx.o(RESET)
    .ARM.Collect$$$$00000000                 0x080001ac   Section        0  entry.o(.ARM.Collect$$$$00000000)
    .ARM.Collect$$$$00000001                 0x080001ac   Section        4  entry2.o(.ARM.Collect$$$$00000001)
    .ARM.Collect$$$$00000004                 0x080001b0   Section        4  entry5.o(.ARM.Collect$$$$00000004)
    .ARM.Collect$$$$00000008                 0x080001b4   Section        0  entry7b.o(.ARM.Collect$$$$00000008)
    .ARM.Collect$$$$0000000A                 0x080001b4   Section        0  entry8b.o(.ARM.Collect$$$$0000000A)
    .ARM.Collect$$$$0000000B                 0x080001b4   Section        8  entry9a.o(.ARM.Collect$$$$0000000B)
    .ARM.Collect$$$$0000000D                 0x080001bc   Section        0  entry10a.o(.ARM.Collect$$$$0000000D)
    .ARM.Collect$$$$0000000F                 0x080001bc   Section        0  entry11a.o(.ARM.Collect$$$$0000000F)
    .ARM.Collect$$$$00002712                 0x080001bc   Section        4  entry2.o(.ARM.Collect$$$$00002712)
    __lit__00000000                          0x080001bc   Data           4  entry2.o(.ARM.Collect$$$$00002712)
    .text                                    0x080001c0   Section       36  startup_stm32f429_439xx.o(.text)
    $v0                                      0x080001c0   Number         0  startup_stm32f429_439xx.o(.text)
    .text                                    0x080001e4   Section       36  init.o(.text)
    i.BusFault_Handler                       0x08000208   Section        0  stm32f4xx_it.o(i.BusFault_Handler)
    i.DebugMon_Handler                       0x0800020a   Section        0  stm32f4xx_it.o(i.DebugMon_Handler)
    i.Delay                                  0x0800020c   Section        0  main.o(i.Delay)
    i.Demo_GyroReadAngRate                   0x08000220   Section        0  main.o(i.Demo_GyroReadAngRate)
    Demo_GyroReadAngRate                     0x08000221   Thumb Code   186  main.o(i.Demo_GyroReadAngRate)
    i.Demo_MEMS                              0x080002ec   Section        0  main.o(i.Demo_MEMS)
    Demo_MEMS                                0x080002ed   Thumb Code   358  main.o(i.Demo_MEMS)
    i.FMC_GetFlagStatus                      0x08000480   Section        0  stm32f4xx_fmc.o(i.FMC_GetFlagStatus)
    i.FMC_SDRAMCmdConfig                     0x080004b6   Section        0  stm32f4xx_fmc.o(i.FMC_SDRAMCmdConfig)
    i.FMC_SDRAMInit                          0x080004d8   Section        0  stm32f4xx_fmc.o(i.FMC_SDRAMInit)
    i.FMC_SetRefreshCount                    0x080005b4   Section        0  stm32f4xx_fmc.o(i.FMC_SetRefreshCount)
    i.GPIO_Init                              0x080005c6   Section        0  stm32f4xx_gpio.o(i.GPIO_Init)
    i.GPIO_PinAFConfig                       0x08000668   Section        0  stm32f4xx_gpio.o(i.GPIO_PinAFConfig)
    i.GPIO_ResetBits                         0x08000688   Section        0  stm32f4xx_gpio.o(i.GPIO_ResetBits)
    i.GPIO_SetBits                           0x0800068c   Section        0  stm32f4xx_gpio.o(i.GPIO_SetBits)
    i.GPIO_WriteBit                          0x08000690   Section        0  stm32f4xx_gpio.o(i.GPIO_WriteBit)
    i.Gyro_SimpleCalibration                 0x0800069c   Section        0  main.o(i.Gyro_SimpleCalibration)
    Gyro_SimpleCalibration                   0x0800069d   Thumb Code   158  main.o(i.Gyro_SimpleCalibration)
    i.HardFault_Handler                      0x08000740   Section        0  stm32f4xx_it.o(i.HardFault_Handler)
    i.L3GD20_FilterCmd                       0x08000742   Section        0  stm32f429i_discovery_l3gd20.o(i.L3GD20_FilterCmd)
    i.L3GD20_FilterConfig                    0x0800076a   Section        0  stm32f429i_discovery_l3gd20.o(i.L3GD20_FilterConfig)
    i.L3GD20_Init                            0x0800079c   Section        0  stm32f429i_discovery_l3gd20.o(i.L3GD20_Init)
    i.L3GD20_LowLevel_Init                   0x080007f0   Section        0  stm32f429i_discovery_l3gd20.o(i.L3GD20_LowLevel_Init)
    L3GD20_LowLevel_Init                     0x080007f1   Thumb Code   282  stm32f429i_discovery_l3gd20.o(i.L3GD20_LowLevel_Init)
    i.L3GD20_Read                            0x0800091c   Section        0  stm32f429i_discovery_l3gd20.o(i.L3GD20_Read)
    i.L3GD20_SendByte                        0x08000968   Section        0  stm32f429i_discovery_l3gd20.o(i.L3GD20_SendByte)
    L3GD20_SendByte                          0x08000969   Thumb Code    88  stm32f429i_discovery_l3gd20.o(i.L3GD20_SendByte)
    i.L3GD20_TIMEOUT_UserCallback            0x080009c8   Section        0  main.o(i.L3GD20_TIMEOUT_UserCallback)
    i.L3GD20_Write                           0x080009cc   Section        0  stm32f429i_discovery_l3gd20.o(i.L3GD20_Write)
    i.LCD_AF_GPIOConfig                      0x08000a10   Section        0  stm32f429i_discovery_lcd.o(i.LCD_AF_GPIOConfig)
    LCD_AF_GPIOConfig                        0x08000a11   Thumb Code   344  stm32f429i_discovery_lcd.o(i.LCD_AF_GPIOConfig)
    i.LCD_ChipSelect                         0x08000b80   Section        0  stm32f429i_discovery_lcd.o(i.LCD_ChipSelect)
    i.LCD_Clear                              0x08000b98   Section        0  stm32f429i_discovery_lcd.o(i.LCD_Clear)
    i.LCD_CtrlLinesConfig                    0x08000bb4   Section        0  stm32f429i_discovery_lcd.o(i.LCD_CtrlLinesConfig)
    i.LCD_CtrlLinesWrite                     0x08000c04   Section        0  stm32f429i_discovery_lcd.o(i.LCD_CtrlLinesWrite)
    i.LCD_DisplayChar                        0x08000c08   Section        0  stm32f429i_discovery_lcd.o(i.LCD_DisplayChar)
    i.LCD_DisplayStringLine                  0x08000c28   Section        0  stm32f429i_discovery_lcd.o(i.LCD_DisplayStringLine)
    i.LCD_DrawChar                           0x08000c64   Section        0  stm32f429i_discovery_lcd.o(i.LCD_DrawChar)
    i.LCD_GetFont                            0x08000cf0   Section        0  stm32f429i_discovery_lcd.o(i.LCD_GetFont)
    i.LCD_Init                               0x08000cfc   Section        0  stm32f429i_discovery_lcd.o(i.LCD_Init)
    i.LCD_LayerInit                          0x08000d94   Section        0  stm32f429i_discovery_lcd.o(i.LCD_LayerInit)
    i.LCD_PowerOn                            0x08000e3c   Section        0  stm32f429i_discovery_lcd.o(i.LCD_PowerOn)
    i.LCD_SPIConfig                          0x080010cc   Section        0  stm32f429i_discovery_lcd.o(i.LCD_SPIConfig)
    i.LCD_SetFont                            0x08001190   Section        0  stm32f429i_discovery_lcd.o(i.LCD_SetFont)
    i.LCD_SetLayer                           0x0800119c   Section        0  stm32f429i_discovery_lcd.o(i.LCD_SetLayer)
    i.LCD_SetTextColor                       0x080011bc   Section        0  stm32f429i_discovery_lcd.o(i.LCD_SetTextColor)
    i.LCD_WriteCommand                       0x080011c8   Section        0  stm32f429i_discovery_lcd.o(i.LCD_WriteCommand)
    i.LCD_WriteData                          0x08001214   Section        0  stm32f429i_discovery_lcd.o(i.LCD_WriteData)
    i.LTDC_Cmd                               0x0800125c   Section        0  stm32f4xx_ltdc.o(i.LTDC_Cmd)
    i.LTDC_DitherCmd                         0x08001278   Section        0  stm32f4xx_ltdc.o(i.LTDC_DitherCmd)
    i.LTDC_Init                              0x08001294   Section        0  stm32f4xx_ltdc.o(i.LTDC_Init)
    i.LTDC_LayerCmd                          0x0800133c   Section        0  stm32f4xx_ltdc.o(i.LTDC_LayerCmd)
    i.LTDC_LayerInit                         0x08001350   Section        0  stm32f4xx_ltdc.o(i.LTDC_LayerInit)
    i.LTDC_ReloadConfig                      0x080013e8   Section        0  stm32f4xx_ltdc.o(i.LTDC_ReloadConfig)
    i.MemManage_Handler                      0x080013f4   Section        0  stm32f4xx_it.o(i.MemManage_Handler)
    i.NMI_Handler                            0x080013f6   Section        0  stm32f4xx_it.o(i.NMI_Handler)
    i.PendSV_Handler                         0x080013f8   Section        0  stm32f4xx_it.o(i.PendSV_Handler)
    i.RCC_AHB1PeriphClockCmd                 0x080013fc   Section        0  stm32f4xx_rcc.o(i.RCC_AHB1PeriphClockCmd)
    i.RCC_AHB3PeriphClockCmd                 0x08001414   Section        0  stm32f4xx_rcc.o(i.RCC_AHB3PeriphClockCmd)
    i.RCC_APB1PeriphResetCmd                 0x0800142c   Section        0  stm32f4xx_rcc.o(i.RCC_APB1PeriphResetCmd)
    i.RCC_APB2PeriphClockCmd                 0x08001444   Section        0  stm32f4xx_rcc.o(i.RCC_APB2PeriphClockCmd)
    i.RCC_APB2PeriphResetCmd                 0x0800145c   Section        0  stm32f4xx_rcc.o(i.RCC_APB2PeriphResetCmd)
    i.RCC_GetClocksFreq                      0x08001474   Section        0  stm32f4xx_rcc.o(i.RCC_GetClocksFreq)
    i.RCC_GetFlagStatus                      0x08001504   Section        0  stm32f4xx_rcc.o(i.RCC_GetFlagStatus)
    i.RCC_LTDCCLKDivConfig                   0x08001538   Section        0  stm32f4xx_rcc.o(i.RCC_LTDCCLKDivConfig)
    i.RCC_PLLSAICmd                          0x0800154c   Section        0  stm32f4xx_rcc.o(i.RCC_PLLSAICmd)
    i.RCC_PLLSAIConfig                       0x08001558   Section        0  stm32f4xx_rcc.o(i.RCC_PLLSAIConfig)
    i.SDRAM_GPIOConfig                       0x0800156c   Section        0  stm32f429i_discovery_sdram.o(i.SDRAM_GPIOConfig)
    i.SDRAM_Init                             0x0800177c   Section        0  stm32f429i_discovery_sdram.o(i.SDRAM_Init)
    i.SDRAM_InitSequence                     0x080017d8   Section        0  stm32f429i_discovery_sdram.o(i.SDRAM_InitSequence)
    i.SPI_Cmd                                0x0800188c   Section        0  stm32f4xx_spi.o(i.SPI_Cmd)
    i.SPI_I2S_DeInit                         0x080018a0   Section        0  stm32f4xx_spi.o(i.SPI_I2S_DeInit)
    i.SPI_I2S_GetFlagStatus                  0x08001924   Section        0  stm32f4xx_spi.o(i.SPI_I2S_GetFlagStatus)
    i.SPI_I2S_ReceiveData                    0x08001932   Section        0  stm32f4xx_spi.o(i.SPI_I2S_ReceiveData)
    i.SPI_I2S_SendData                       0x08001936   Section        0  stm32f4xx_spi.o(i.SPI_I2S_SendData)
    i.SPI_Init                               0x0800193a   Section        0  stm32f4xx_spi.o(i.SPI_Init)
    i.SVC_Handler                            0x08001972   Section        0  stm32f4xx_it.o(i.SVC_Handler)
    i.SetSysClock                            0x08001974   Section        0  system_stm32f4xx.o(i.SetSysClock)
    SetSysClock                              0x08001975   Thumb Code   192  system_stm32f4xx.o(i.SetSysClock)
    i.SysTick_Handler                        0x08001a44   Section        0  stm32f4xx_it.o(i.SysTick_Handler)
    i.SystemInit                             0x08001a48   Section        0  system_stm32f4xx.o(i.SystemInit)
    i.TimingDelay_Decrement                  0x08001aa4   Section        0  main.o(i.TimingDelay_Decrement)
    i.UsageFault_Handler                     0x08001ab8   Section        0  stm32f4xx_it.o(i.UsageFault_Handler)
    i.__scatterload_copy                     0x08001aba   Section       14  handlers.o(i.__scatterload_copy)
    i.__scatterload_null                     0x08001ac8   Section        2  handlers.o(i.__scatterload_null)
    i.__scatterload_zeroinit                 0x08001aca   Section       14  handlers.o(i.__scatterload_zeroinit)
    i.delay                                  0x08001ad8   Section        0  stm32f429i_discovery_lcd.o(i.delay)
    delay                                    0x08001ad9   Thumb Code    18  stm32f429i_discovery_lcd.o(i.delay)
    i.main                                   0x08001aec   Section        0  main.o(i.main)
    .constdata                               0x08001b8c   Section     4560  stm32f429i_discovery_lcd.o(.constdata)
    .data                                    0x20000000   Section       24  stm32f429i_discovery_lcd.o(.data)
    CurrentTextColor                         0x20000000   Data           2  stm32f429i_discovery_lcd.o(.data)
    CurrentBackColor                         0x20000002   Data           2  stm32f429i_discovery_lcd.o(.data)
    CurrentFrameBuffer                       0x20000004   Data           4  stm32f429i_discovery_lcd.o(.data)
    CurrentLayer                             0x20000008   Data           4  stm32f429i_discovery_lcd.o(.data)
    LCD_Currentfonts                         0x2000000c   Data           4  stm32f429i_discovery_lcd.o(.data)
    .data                                    0x20000018   Section        4  stm32f429i_discovery_l3gd20.o(.data)
    .data                                    0x2000001c   Section       16  stm32f4xx_rcc.o(.data)
    APBAHBPrescTable                         0x2000001c   Data          16  stm32f4xx_rcc.o(.data)
    .data                                    0x2000002c   Section       20  main.o(.data)
    TimingDelay                              0x2000003c   Data           4  main.o(.data)
    .bss                                     0x20000040   Section       52  main.o(.bss)
    STACK                                    0x20000078   Section     1024  startup_stm32f429_439xx.o(STACK)

    Global Symbols

    Symbol Name                              Value     Ov Type        Size  Object(Section)

    BuildAttributes$$THM_ISAv4$E$P$D$K$B$S$7EM$VFPi3$EXTD16$VFPS$VFMA$PE$A:L22UL41UL21$X:L11$S22US41US21$IEEE1$IW$USESV6$~STKCKD$USESV7$~SHL$OSPACE$EBA8$MICROLIB$REQ8$PRES8$EABIv2 0x00000000   Number         0  anon$$obj.o ABSOLUTE
    __ARM_use_no_argv                        0x00000000   Number         0  main.o ABSOLUTE
    __cpp_initialize__aeabi_                  - Undefined Weak Reference
    __cxa_finalize                            - Undefined Weak Reference
    __decompress                              - Undefined Weak Reference
    _clock_init                               - Undefined Weak Reference
    _microlib_exit                            - Undefined Weak Reference
    __Vectors_Size                           0x000001ac   Number         0  startup_stm32f429_439xx.o ABSOLUTE
    __Vectors                                0x08000000   Data           4  startup_stm32f429_439xx.o(RESET)
    __Vectors_End                            0x080001ac   Data           0  startup_stm32f429_439xx.o(RESET)
    __main                                   0x080001ad   Thumb Code     0  entry.o(.ARM.Collect$$$$00000000)
    _main_stk                                0x080001ad   Thumb Code     0  entry2.o(.ARM.Collect$$$$00000001)
    _main_scatterload                        0x080001b1   Thumb Code     0  entry5.o(.ARM.Collect$$$$00000004)
    __main_after_scatterload                 0x080001b5   Thumb Code     0  entry5.o(.ARM.Collect$$$$00000004)
    _main_clock                              0x080001b5   Thumb Code     0  entry7b.o(.ARM.Collect$$$$00000008)
    _main_cpp_init                           0x080001b5   Thumb Code     0  entry8b.o(.ARM.Collect$$$$0000000A)
    _main_init                               0x080001b5   Thumb Code     0  entry9a.o(.ARM.Collect$$$$0000000B)
    __rt_final_cpp                           0x080001bd   Thumb Code     0  entry10a.o(.ARM.Collect$$$$0000000D)
    __rt_final_exit                          0x080001bd   Thumb Code     0  entry11a.o(.ARM.Collect$$$$0000000F)
    Reset_Handler                            0x080001c1   Thumb Code     8  startup_stm32f429_439xx.o(.text)
    ADC_IRQHandler                           0x080001db   Thumb Code     0  startup_stm32f429_439xx.o(.text)
    CAN1_RX0_IRQHandler                      0x080001db   Thumb Code     0  startup_stm32f429_439xx.o(.text)
    CAN1_RX1_IRQHandler                      0x080001db   Thumb Code     0  startup_stm32f429_439xx.o(.text)
    CAN1_SCE_IRQHandler                      0x080001db   Thumb Code     0  startup_stm32f429_439xx.o(.text)
    CAN1_TX_IRQHandler                       0x080001db   Thumb Code     0  startup_stm32f429_439xx.o(.text)
    CAN2_RX0_IRQHandler                      0x080001db   Thumb Code     0  startup_stm32f429_439xx.o(.text)
    CAN2_RX1_IRQHandler                      0x080001db   Thumb Code     0  startup_stm32f429_439xx.o(.text)
    CAN2_SCE_IRQHandler                      0x080001db   Thumb Code     0  startup_stm32f429_439xx.o(.text)
    CAN2_TX_IRQHandler                       0x080001db   Thumb Code     0  startup_stm32f429_439xx.o(.text)
    CRYP_IRQHandler                          0x080001db   Thumb Code     0  startup_stm32f429_439xx.o(.text)
    DCMI_IRQHandler                          0x080001db   Thumb Code     0  startup_stm32f429_439xx.o(.text)
    DMA1_Stream0_IRQHandler                  0x080001db   Thumb Code     0  startup_stm32f429_439xx.o(.text)
    DMA1_Stream1_IRQHandler                  0x080001db   Thumb Code     0  startup_stm32f429_439xx.o(.text)
    DMA1_Stream2_IRQHandler                  0x080001db   Thumb Code     0  startup_stm32f429_439xx.o(.text)
    DMA1_Stream3_IRQHandler                  0x080001db   Thumb Code     0  startup_stm32f429_439xx.o(.text)
    DMA1_Stream4_IRQHandler                  0x080001db   Thumb Code     0  startup_stm32f429_439xx.o(.text)
    DMA1_Stream5_IRQHandler                  0x080001db   Thumb Code     0  startup_stm32f429_439xx.o(.text)
    DMA1_Stream6_IRQHandler                  0x080001db   Thumb Code     0  startup_stm32f429_439xx.o(.text)
    DMA1_Stream7_IRQHandler                  0x080001db   Thumb Code     0  startup_stm32f429_439xx.o(.text)
    DMA2D_IRQHandler                         0x080001db   Thumb Code     0  startup_stm32f429_439xx.o(.text)
    DMA2_Stream0_IRQHandler                  0x080001db   Thumb Code     0  startup_stm32f429_439xx.o(.text)
    DMA2_Stream1_IRQHandler                  0x080001db   Thumb Code     0  startup_stm32f429_439xx.o(.text)
    DMA2_Stream2_IRQHandler                  0x080001db   Thumb Code     0  startup_stm32f429_439xx.o(.text)
    DMA2_Stream3_IRQHandler                  0x080001db   Thumb Code     0  startup_stm32f429_439xx.o(.text)
    DMA2_Stream4_IRQHandler                  0x080001db   Thumb Code     0  startup_stm32f429_439xx.o(.text)
    DMA2_Stream5_IRQHandler                  0x080001db   Thumb Code     0  startup_stm32f429_439xx.o(.text)
    DMA2_Stream6_IRQHandler                  0x080001db   Thumb Code     0  startup_stm32f429_439xx.o(.text)
    DMA2_Stream7_IRQHandler                  0x080001db   Thumb Code     0  startup_stm32f429_439xx.o(.text)
    ETH_IRQHandler                           0x080001db   Thumb Code     0  startup_stm32f429_439xx.o(.text)
    ETH_WKUP_IRQHandler                      0x080001db   Thumb Code     0  startup_stm32f429_439xx.o(.text)
    EXTI0_IRQHandler                         0x080001db   Thumb Code     0  startup_stm32f429_439xx.o(.text)
    EXTI15_10_IRQHandler                     0x080001db   Thumb Code     0  startup_stm32f429_439xx.o(.text)
    EXTI1_IRQHandler                         0x080001db   Thumb Code     0  startup_stm32f429_439xx.o(.text)
    EXTI2_IRQHandler                         0x080001db   Thumb Code     0  startup_stm32f429_439xx.o(.text)
    EXTI3_IRQHandler                         0x080001db   Thumb Code     0  startup_stm32f429_439xx.o(.text)
    EXTI4_IRQHandler                         0x080001db   Thumb Code     0  startup_stm32f429_439xx.o(.text)
    EXTI9_5_IRQHandler                       0x080001db   Thumb Code     0  startup_stm32f429_439xx.o(.text)
    FLASH_IRQHandler                         0x080001db   Thumb Code     0  startup_stm32f429_439xx.o(.text)
    FMC_IRQHandler                           0x080001db   Thumb Code     0  startup_stm32f429_439xx.o(.text)
    FPU_IRQHandler                           0x080001db   Thumb Code     0  startup_stm32f429_439xx.o(.text)
    HASH_RNG_IRQHandler                      0x080001db   Thumb Code     0  startup_stm32f429_439xx.o(.text)
    I2C1_ER_IRQHandler                       0x080001db   Thumb Code     0  startup_stm32f429_439xx.o(.text)
    I2C1_EV_IRQHandler                       0x080001db   Thumb Code     0  startup_stm32f429_439xx.o(.text)
    I2C2_ER_IRQHandler                       0x080001db   Thumb Code     0  startup_stm32f429_439xx.o(.text)
    I2C2_EV_IRQHandler                       0x080001db   Thumb Code     0  startup_stm32f429_439xx.o(.text)
    I2C3_ER_IRQHandler                       0x080001db   Thumb Code     0  startup_stm32f429_439xx.o(.text)
    I2C3_EV_IRQHandler                       0x080001db   Thumb Code     0  startup_stm32f429_439xx.o(.text)
    LTDC_ER_IRQHandler                       0x080001db   Thumb Code     0  startup_stm32f429_439xx.o(.text)
    LTDC_IRQHandler                          0x080001db   Thumb Code     0  startup_stm32f429_439xx.o(.text)
    OTG_FS_IRQHandler                        0x080001db   Thumb Code     0  startup_stm32f429_439xx.o(.text)
    OTG_FS_WKUP_IRQHandler                   0x080001db   Thumb Code     0  startup_stm32f429_439xx.o(.text)
    OTG_HS_EP1_IN_IRQHandler                 0x080001db   Thumb Code     0  startup_stm32f429_439xx.o(.text)
    OTG_HS_EP1_OUT_IRQHandler                0x080001db   Thumb Code     0  startup_stm32f429_439xx.o(.text)
    OTG_HS_IRQHandler                        0x080001db   Thumb Code     0  startup_stm32f429_439xx.o(.text)
    OTG_HS_WKUP_IRQHandler                   0x080001db   Thumb Code     0  startup_stm32f429_439xx.o(.text)
    PVD_IRQHandler                           0x080001db   Thumb Code     0  startup_stm32f429_439xx.o(.text)
    RCC_IRQHandler                           0x080001db   Thumb Code     0  startup_stm32f429_439xx.o(.text)
    RTC_Alarm_IRQHandler                     0x080001db   Thumb Code     0  startup_stm32f429_439xx.o(.text)
    RTC_WKUP_IRQHandler                      0x080001db   Thumb Code     0  startup_stm32f429_439xx.o(.text)
    SAI1_IRQHandler                          0x080001db   Thumb Code     0  startup_stm32f429_439xx.o(.text)
    SDIO_IRQHandler                          0x080001db   Thumb Code     0  startup_stm32f429_439xx.o(.text)
    SPI1_IRQHandler                          0x080001db   Thumb Code     0  startup_stm32f429_439xx.o(.text)
    SPI2_IRQHandler                          0x080001db   Thumb Code     0  startup_stm32f429_439xx.o(.text)
    SPI3_IRQHandler                          0x080001db   Thumb Code     0  startup_stm32f429_439xx.o(.text)
    SPI4_IRQHandler                          0x080001db   Thumb Code     0  startup_stm32f429_439xx.o(.text)
    SPI5_IRQHandler                          0x080001db   Thumb Code     0  startup_stm32f429_439xx.o(.text)
    SPI6_IRQHandler                          0x080001db   Thumb Code     0  startup_stm32f429_439xx.o(.text)
    TAMP_STAMP_IRQHandler                    0x080001db   Thumb Code     0  startup_stm32f429_439xx.o(.text)
    TIM1_BRK_TIM9_IRQHandler                 0x080001db   Thumb Code     0  startup_stm32f429_439xx.o(.text)
    TIM1_CC_IRQHandler                       0x080001db   Thumb Code     0  startup_stm32f429_439xx.o(.text)
    TIM1_TRG_COM_TIM11_IRQHandler            0x080001db   Thumb Code     0  startup_stm32f429_439xx.o(.text)
    TIM1_UP_TIM10_IRQHandler                 0x080001db   Thumb Code     0  startup_stm32f429_439xx.o(.text)
    TIM2_IRQHandler                          0x080001db   Thumb Code     0  startup_stm32f429_439xx.o(.text)
    TIM3_IRQHandler                          0x080001db   Thumb Code     0  startup_stm32f429_439xx.o(.text)
    TIM4_IRQHandler                          0x080001db   Thumb Code     0  startup_stm32f429_439xx.o(.text)
    TIM5_IRQHandler                          0x080001db   Thumb Code     0  startup_stm32f429_439xx.o(.text)
    TIM6_DAC_IRQHandler                      0x080001db   Thumb Code     0  startup_stm32f429_439xx.o(.text)
    TIM7_IRQHandler                          0x080001db   Thumb Code     0  startup_stm32f429_439xx.o(.text)
    TIM8_BRK_TIM12_IRQHandler                0x080001db   Thumb Code     0  startup_stm32f429_439xx.o(.text)
    TIM8_CC_IRQHandler                       0x080001db   Thumb Code     0  startup_stm32f429_439xx.o(.text)
    TIM8_TRG_COM_TIM14_IRQHandler            0x080001db   Thumb Code     0  startup_stm32f429_439xx.o(.text)
    TIM8_UP_TIM13_IRQHandler                 0x080001db   Thumb Code     0  startup_stm32f429_439xx.o(.text)
    UART4_IRQHandler                         0x080001db   Thumb Code     0  startup_stm32f429_439xx.o(.text)
    UART5_IRQHandler                         0x080001db   Thumb Code     0  startup_stm32f429_439xx.o(.text)
    UART7_IRQHandler                         0x080001db   Thumb Code     0  startup_stm32f429_439xx.o(.text)
    UART8_IRQHandler                         0x080001db   Thumb Code     0  startup_stm32f429_439xx.o(.text)
    USART1_IRQHandler                        0x080001db   Thumb Code     0  startup_stm32f429_439xx.o(.text)
    USART2_IRQHandler                        0x080001db   Thumb Code     0  startup_stm32f429_439xx.o(.text)
    USART3_IRQHandler                        0x080001db   Thumb Code     0  startup_stm32f429_439xx.o(.text)
    USART6_IRQHandler                        0x080001db   Thumb Code     0  startup_stm32f429_439xx.o(.text)
    WWDG_IRQHandler                          0x080001db   Thumb Code     0  startup_stm32f429_439xx.o(.text)
    __scatterload                            0x080001e5   Thumb Code    28  init.o(.text)
    __scatterload_rt2                        0x080001e5   Thumb Code     0  init.o(.text)
    BusFault_Handler                         0x08000209   Thumb Code     2  stm32f4xx_it.o(i.BusFault_Handler)
    DebugMon_Handler                         0x0800020b   Thumb Code     2  stm32f4xx_it.o(i.DebugMon_Handler)
    Delay                                    0x0800020d   Thumb Code    16  main.o(i.Delay)
    FMC_GetFlagStatus                        0x08000481   Thumb Code    54  stm32f4xx_fmc.o(i.FMC_GetFlagStatus)
    FMC_SDRAMCmdConfig                       0x080004b7   Thumb Code    34  stm32f4xx_fmc.o(i.FMC_SDRAMCmdConfig)
    FMC_SDRAMInit                            0x080004d9   Thumb Code   214  stm32f4xx_fmc.o(i.FMC_SDRAMInit)
    FMC_SetRefreshCount                      0x080005b5   Thumb Code    18  stm32f4xx_fmc.o(i.FMC_SetRefreshCount)
    GPIO_Init                                0x080005c7   Thumb Code   162  stm32f4xx_gpio.o(i.GPIO_Init)
    GPIO_PinAFConfig                         0x08000669   Thumb Code    32  stm32f4xx_gpio.o(i.GPIO_PinAFConfig)
    GPIO_ResetBits                           0x08000689   Thumb Code     4  stm32f4xx_gpio.o(i.GPIO_ResetBits)
    GPIO_SetBits                             0x0800068d   Thumb Code     4  stm32f4xx_gpio.o(i.GPIO_SetBits)
    GPIO_WriteBit                            0x08000691   Thumb Code    10  stm32f4xx_gpio.o(i.GPIO_WriteBit)
    HardFault_Handler                        0x08000741   Thumb Code     2  stm32f4xx_it.o(i.HardFault_Handler)
    L3GD20_FilterCmd                         0x08000743   Thumb Code    40  stm32f429i_discovery_l3gd20.o(i.L3GD20_FilterCmd)
    L3GD20_FilterConfig                      0x0800076b   Thumb Code    50  stm32f429i_discovery_l3gd20.o(i.L3GD20_FilterConfig)
    L3GD20_Init                              0x0800079d   Thumb Code    84  stm32f429i_discovery_l3gd20.o(i.L3GD20_Init)
    L3GD20_Read                              0x0800091d   Thumb Code    70  stm32f429i_discovery_l3gd20.o(i.L3GD20_Read)
    L3GD20_TIMEOUT_UserCallback              0x080009c9   Thumb Code     4  main.o(i.L3GD20_TIMEOUT_UserCallback)
    L3GD20_Write                             0x080009cd   Thumb Code    64  stm32f429i_discovery_l3gd20.o(i.L3GD20_Write)
    LCD_ChipSelect                           0x08000b81   Thumb Code    20  stm32f429i_discovery_lcd.o(i.LCD_ChipSelect)
    LCD_Clear                                0x08000b99   Thumb Code    24  stm32f429i_discovery_lcd.o(i.LCD_Clear)
    LCD_CtrlLinesConfig                      0x08000bb5   Thumb Code    72  stm32f429i_discovery_lcd.o(i.LCD_CtrlLinesConfig)
    LCD_CtrlLinesWrite                       0x08000c05   Thumb Code     4  stm32f429i_discovery_lcd.o(i.LCD_CtrlLinesWrite)
    LCD_DisplayChar                          0x08000c09   Thumb Code    26  stm32f429i_discovery_lcd.o(i.LCD_DisplayChar)
    LCD_DisplayStringLine                    0x08000c29   Thumb Code    54  stm32f429i_discovery_lcd.o(i.LCD_DisplayStringLine)
    LCD_DrawChar                             0x08000c65   Thumb Code   134  stm32f429i_discovery_lcd.o(i.LCD_DrawChar)
    LCD_GetFont                              0x08000cf1   Thumb Code     6  stm32f429i_discovery_lcd.o(i.LCD_GetFont)
    LCD_Init                                 0x08000cfd   Thumb Code   152  stm32f429i_discovery_lcd.o(i.LCD_Init)
    LCD_LayerInit                            0x08000d95   Thumb Code   156  stm32f429i_discovery_lcd.o(i.LCD_LayerInit)
    LCD_PowerOn                              0x08000e3d   Thumb Code   654  stm32f429i_discovery_lcd.o(i.LCD_PowerOn)
    LCD_SPIConfig                            0x080010cd   Thumb Code   188  stm32f429i_discovery_lcd.o(i.LCD_SPIConfig)
    LCD_SetFont                              0x08001191   Thumb Code     6  stm32f429i_discovery_lcd.o(i.LCD_SetFont)
    LCD_SetLayer                             0x0800119d   Thumb Code    24  stm32f429i_discovery_lcd.o(i.LCD_SetLayer)
    LCD_SetTextColor                         0x080011bd   Thumb Code     6  stm32f429i_discovery_lcd.o(i.LCD_SetTextColor)
    LCD_WriteCommand                         0x080011c9   Thumb Code    66  stm32f429i_discovery_lcd.o(i.LCD_WriteCommand)
    LCD_WriteData                            0x08001215   Thumb Code    64  stm32f429i_discovery_lcd.o(i.LCD_WriteData)
    LTDC_Cmd                                 0x0800125d   Thumb Code    22  stm32f4xx_ltdc.o(i.LTDC_Cmd)
    LTDC_DitherCmd                           0x08001279   Thumb Code    22  stm32f4xx_ltdc.o(i.LTDC_DitherCmd)
    LTDC_Init                                0x08001295   Thumb Code   156  stm32f4xx_ltdc.o(i.LTDC_Init)
    LTDC_LayerCmd                            0x0800133d   Thumb Code    20  stm32f4xx_ltdc.o(i.LTDC_LayerCmd)
    LTDC_LayerInit                           0x08001351   Thumb Code   150  stm32f4xx_ltdc.o(i.LTDC_LayerInit)
    LTDC_ReloadConfig                        0x080013e9   Thumb Code     6  stm32f4xx_ltdc.o(i.LTDC_ReloadConfig)
    MemManage_Handler                        0x080013f5   Thumb Code     2  stm32f4xx_it.o(i.MemManage_Handler)
    NMI_Handler                              0x080013f7   Thumb Code     2  stm32f4xx_it.o(i.NMI_Handler)
    PendSV_Handler                           0x080013f9   Thumb Code     2  stm32f4xx_it.o(i.PendSV_Handler)
    RCC_AHB1PeriphClockCmd                   0x080013fd   Thumb Code    18  stm32f4xx_rcc.o(i.RCC_AHB1PeriphClockCmd)
    RCC_AHB3PeriphClockCmd                   0x08001415   Thumb Code    18  stm32f4xx_rcc.o(i.RCC_AHB3PeriphClockCmd)
    RCC_APB1PeriphResetCmd                   0x0800142d   Thumb Code    18  stm32f4xx_rcc.o(i.RCC_APB1PeriphResetCmd)
    RCC_APB2PeriphClockCmd                   0x08001445   Thumb Code    18  stm32f4xx_rcc.o(i.RCC_APB2PeriphClockCmd)
    RCC_APB2PeriphResetCmd                   0x0800145d   Thumb Code    18  stm32f4xx_rcc.o(i.RCC_APB2PeriphResetCmd)
    RCC_GetClocksFreq                        0x08001475   Thumb Code   132  stm32f4xx_rcc.o(i.RCC_GetClocksFreq)
    RCC_GetFlagStatus                        0x08001505   Thumb Code    46  stm32f4xx_rcc.o(i.RCC_GetFlagStatus)
    RCC_LTDCCLKDivConfig                     0x08001539   Thumb Code    14  stm32f4xx_rcc.o(i.RCC_LTDCCLKDivConfig)
    RCC_PLLSAICmd                            0x0800154d   Thumb Code     6  stm32f4xx_rcc.o(i.RCC_PLLSAICmd)
    RCC_PLLSAIConfig                         0x08001559   Thumb Code    16  stm32f4xx_rcc.o(i.RCC_PLLSAIConfig)
    SDRAM_GPIOConfig                         0x0800156d   Thumb Code   504  stm32f429i_discovery_sdram.o(i.SDRAM_GPIOConfig)
    SDRAM_Init                               0x0800177d   Thumb Code    92  stm32f429i_discovery_sdram.o(i.SDRAM_Init)
    SDRAM_InitSequence                       0x080017d9   Thumb Code   174  stm32f429i_discovery_sdram.o(i.SDRAM_InitSequence)
    SPI_Cmd                                  0x0800188d   Thumb Code    20  stm32f4xx_spi.o(i.SPI_Cmd)
    SPI_I2S_DeInit                           0x080018a1   Thumb Code   108  stm32f4xx_spi.o(i.SPI_I2S_DeInit)
    SPI_I2S_GetFlagStatus                    0x08001925   Thumb Code    14  stm32f4xx_spi.o(i.SPI_I2S_GetFlagStatus)
    SPI_I2S_ReceiveData                      0x08001933   Thumb Code     4  stm32f4xx_spi.o(i.SPI_I2S_ReceiveData)
    SPI_I2S_SendData                         0x08001937   Thumb Code     4  stm32f4xx_spi.o(i.SPI_I2S_SendData)
    SPI_Init                                 0x0800193b   Thumb Code    56  stm32f4xx_spi.o(i.SPI_Init)
    SVC_Handler                              0x08001973   Thumb Code     2  stm32f4xx_it.o(i.SVC_Handler)
    SysTick_Handler                          0x08001a45   Thumb Code     4  stm32f4xx_it.o(i.SysTick_Handler)
    SystemInit                               0x08001a49   Thumb Code    74  system_stm32f4xx.o(i.SystemInit)
    TimingDelay_Decrement                    0x08001aa5   Thumb Code    16  main.o(i.TimingDelay_Decrement)
    UsageFault_Handler                       0x08001ab9   Thumb Code     2  stm32f4xx_it.o(i.UsageFault_Handler)
    __scatterload_copy                       0x08001abb   Thumb Code    14  handlers.o(i.__scatterload_copy)
    __scatterload_null                       0x08001ac9   Thumb Code     2  handlers.o(i.__scatterload_null)
    __scatterload_zeroinit                   0x08001acb   Thumb Code    14  handlers.o(i.__scatterload_zeroinit)
    main                                     0x08001aed   Thumb Code   150  main.o(i.main)
    ASCII16x24_Table                         0x08001b8c   Data        4560  stm32f429i_discovery_lcd.o(.constdata)
    Region$$Table$$Base                      0x08002d5c   Number         0  anon$$obj.o(Region$$Table)
    Region$$Table$$Limit                     0x08002d7c   Number         0  anon$$obj.o(Region$$Table)
    Font16x24                                0x20000010   Data           8  stm32f429i_discovery_lcd.o(.data)
    L3GD20Timeout                            0x20000018   Data           4  stm32f429i_discovery_l3gd20.o(.data)
    Yval                                     0x2000002c   Data           1  main.o(.data)
    Xval                                     0x2000002d   Data           1  main.o(.data)
    Z_BiasError                              0x20000030   Data           4  main.o(.data)
    X_BiasError                              0x20000034   Data           4  main.o(.data)
    Y_BiasError                              0x20000038   Data           4  main.o(.data)
    Buffer                                   0x20000040   Data          24  main.o(.bss)
    Gyro                                     0x20000058   Data          12  main.o(.bss)
    RCC_Clocks                               0x20000064   Data          16  main.o(.bss)
    __initial_sp                             0x20000478   Data           0  startup_stm32f429_439xx.o(STACK)



==============================================================================

Memory Map of the image

  Image Entry point : 0x080001ad

  Load Region LR_IROM1 (Base: 0x08000000, Size: 0x00002dbc, Max: 0x00200000, ABSOLUTE)

    Execution Region ER_IROM1 (Exec base: 0x08000000, Load base: 0x08000000, Size: 0x00002d7c, Max: 0x00200000, ABSOLUTE)

    Exec Addr    Load Addr    Size         Type   Attr      Idx    E Section Name        Object

    0x08000000   0x08000000   0x000001ac   Data   RO            3    RESET               startup_stm32f429_439xx.o
    0x080001ac   0x080001ac   0x00000000   Code   RO         2579  * .ARM.Collect$$$$00000000  mc_w.l(entry.o)
    0x080001ac   0x080001ac   0x00000004   Code   RO         2582    .ARM.Collect$$$$00000001  mc_w.l(entry2.o)
    0x080001b0   0x080001b0   0x00000004   Code   RO         2585    .ARM.Collect$$$$00000004  mc_w.l(entry5.o)
    0x080001b4   0x080001b4   0x00000000   Code   RO         2587    .ARM.Collect$$$$00000008  mc_w.l(entry7b.o)
    0x080001b4   0x080001b4   0x00000000   Code   RO         2589    .ARM.Collect$$$$0000000A  mc_w.l(entry8b.o)
    0x080001b4   0x080001b4   0x00000008   Code   RO         2590    .ARM.Collect$$$$0000000B  mc_w.l(entry9a.o)
    0x080001bc   0x080001bc   0x00000000   Code   RO         2592    .ARM.Collect$$$$0000000D  mc_w.l(entry10a.o)
    0x080001bc   0x080001bc   0x00000000   Code   RO         2594    .ARM.Collect$$$$0000000F  mc_w.l(entry11a.o)
    0x080001bc   0x080001bc   0x00000004   Code   RO         2583    .ARM.Collect$$$$00002712  mc_w.l(entry2.o)
    0x080001c0   0x080001c0   0x00000024   Code   RO            4    .text               startup_stm32f429_439xx.o
    0x080001e4   0x080001e4   0x00000024   Code   RO         2596    .text               mc_w.l(init.o)
    0x08000208   0x08000208   0x00000002   Code   RO         2457    i.BusFault_Handler  stm32f4xx_it.o
    0x0800020a   0x0800020a   0x00000002   Code   RO         2458    i.DebugMon_Handler  stm32f4xx_it.o
    0x0800020c   0x0800020c   0x00000014   Code   RO         2377    i.Delay             main.o
    0x08000220   0x08000220   0x000000cc   Code   RO         2378    i.Demo_GyroReadAngRate  main.o
    0x080002ec   0x080002ec   0x00000194   Code   RO         2379    i.Demo_MEMS         main.o
    0x08000480   0x08000480   0x00000036   Code   RO          944    i.FMC_GetFlagStatus  stm32f4xx_fmc.o
    0x080004b6   0x080004b6   0x00000022   Code   RO          961    i.FMC_SDRAMCmdConfig  stm32f4xx_fmc.o
    0x080004d8   0x080004d8   0x000000dc   Code   RO          963    i.FMC_SDRAMInit     stm32f4xx_fmc.o
    0x080005b4   0x080005b4   0x00000012   Code   RO          967    i.FMC_SetRefreshCount  stm32f4xx_fmc.o
    0x080005c6   0x080005c6   0x000000a2   Code   RO         1121    i.GPIO_Init         stm32f4xx_gpio.o
    0x08000668   0x08000668   0x00000020   Code   RO         1122    i.GPIO_PinAFConfig  stm32f4xx_gpio.o
    0x08000688   0x08000688   0x00000004   Code   RO         1128    i.GPIO_ResetBits    stm32f4xx_gpio.o
    0x0800068c   0x0800068c   0x00000004   Code   RO         1129    i.GPIO_SetBits      stm32f4xx_gpio.o
    0x08000690   0x08000690   0x0000000a   Code   RO         1133    i.GPIO_WriteBit     stm32f4xx_gpio.o
    0x0800069a   0x0800069a   0x00000002   PAD
    0x0800069c   0x0800069c   0x000000a4   Code   RO         2380    i.Gyro_SimpleCalibration  main.o
    0x08000740   0x08000740   0x00000002   Code   RO         2459    i.HardFault_Handler  stm32f4xx_it.o
    0x08000742   0x08000742   0x00000028   Code   RO          571    i.L3GD20_FilterCmd  stm32f429i_discovery_l3gd20.o
    0x0800076a   0x0800076a   0x00000032   Code   RO          572    i.L3GD20_FilterConfig  stm32f429i_discovery_l3gd20.o
    0x0800079c   0x0800079c   0x00000054   Code   RO          577    i.L3GD20_Init       stm32f429i_discovery_l3gd20.o
    0x080007f0   0x080007f0   0x0000012c   Code   RO          578    i.L3GD20_LowLevel_Init  stm32f429i_discovery_l3gd20.o
    0x0800091c   0x0800091c   0x0000004c   Code   RO          579    i.L3GD20_Read       stm32f429i_discovery_l3gd20.o
    0x08000968   0x08000968   0x00000060   Code   RO          581    i.L3GD20_SendByte   stm32f429i_discovery_l3gd20.o
    0x080009c8   0x080009c8   0x00000004   Code   RO         2381    i.L3GD20_TIMEOUT_UserCallback  main.o
    0x080009cc   0x080009cc   0x00000044   Code   RO          582    i.L3GD20_Write      stm32f429i_discovery_l3gd20.o
    0x08000a10   0x08000a10   0x00000170   Code   RO          199    i.LCD_AF_GPIOConfig  stm32f429i_discovery_lcd.o
    0x08000b80   0x08000b80   0x00000018   Code   RO          200    i.LCD_ChipSelect    stm32f429i_discovery_lcd.o
    0x08000b98   0x08000b98   0x0000001c   Code   RO          201    i.LCD_Clear         stm32f429i_discovery_lcd.o
    0x08000bb4   0x08000bb4   0x00000050   Code   RO          205    i.LCD_CtrlLinesConfig  stm32f429i_discovery_lcd.o
    0x08000c04   0x08000c04   0x00000004   Code   RO          206    i.LCD_CtrlLinesWrite  stm32f429i_discovery_lcd.o
    0x08000c08   0x08000c08   0x00000020   Code   RO          208    i.LCD_DisplayChar   stm32f429i_discovery_lcd.o
    0x08000c28   0x08000c28   0x0000003c   Code   RO          211    i.LCD_DisplayStringLine  stm32f429i_discovery_lcd.o
    0x08000c64   0x08000c64   0x0000008c   Code   RO          212    i.LCD_DrawChar      stm32f429i_discovery_lcd.o
    0x08000cf0   0x08000cf0   0x0000000c   Code   RO          225    i.LCD_GetFont       stm32f429i_discovery_lcd.o
    0x08000cfc   0x08000cfc   0x00000098   Code   RO          226    i.LCD_Init          stm32f429i_discovery_lcd.o
    0x08000d94   0x08000d94   0x000000a8   Code   RO          227    i.LCD_LayerInit     stm32f429i_discovery_lcd.o
    0x08000e3c   0x08000e3c   0x0000028e   Code   RO          231    i.LCD_PowerOn       stm32f429i_discovery_lcd.o
    0x080010ca   0x080010ca   0x00000002   PAD
    0x080010cc   0x080010cc   0x000000c4   Code   RO          233    i.LCD_SPIConfig     stm32f429i_discovery_lcd.o
    0x08001190   0x08001190   0x0000000c   Code   RO          239    i.LCD_SetFont       stm32f429i_discovery_lcd.o
    0x0800119c   0x0800119c   0x00000020   Code   RO          240    i.LCD_SetLayer      stm32f429i_discovery_lcd.o
    0x080011bc   0x080011bc   0x0000000c   Code   RO          241    i.LCD_SetTextColor  stm32f429i_discovery_lcd.o
    0x080011c8   0x080011c8   0x0000004c   Code   RO          246    i.LCD_WriteCommand  stm32f429i_discovery_lcd.o
    0x08001214   0x08001214   0x00000048   Code   RO          247    i.LCD_WriteData     stm32f429i_discovery_lcd.o
    0x0800125c   0x0800125c   0x0000001c   Code   RO         1453    i.LTDC_Cmd          stm32f4xx_ltdc.o
    0x08001278   0x08001278   0x0000001c   Code   RO         1457    i.LTDC_DitherCmd    stm32f4xx_ltdc.o
    0x08001294   0x08001294   0x000000a8   Code   RO         1464    i.LTDC_Init         stm32f4xx_ltdc.o
    0x0800133c   0x0800133c   0x00000014   Code   RO         1468    i.LTDC_LayerCmd     stm32f4xx_ltdc.o
    0x08001350   0x08001350   0x00000096   Code   RO         1469    i.LTDC_LayerInit    stm32f4xx_ltdc.o
    0x080013e6   0x080013e6   0x00000002   PAD
    0x080013e8   0x080013e8   0x0000000c   Code   RO         1476    i.LTDC_ReloadConfig  stm32f4xx_ltdc.o
    0x080013f4   0x080013f4   0x00000002   Code   RO         2460    i.MemManage_Handler  stm32f4xx_it.o
    0x080013f6   0x080013f6   0x00000002   Code   RO         2461    i.NMI_Handler       stm32f4xx_it.o
    0x080013f8   0x080013f8   0x00000002   Code   RO         2462    i.PendSV_Handler    stm32f4xx_it.o
    0x080013fa   0x080013fa   0x00000002   PAD
    0x080013fc   0x080013fc   0x00000018   Code   RO         1645    i.RCC_AHB1PeriphClockCmd  stm32f4xx_rcc.o
    0x08001414   0x08001414   0x00000018   Code   RO         1651    i.RCC_AHB3PeriphClockCmd  stm32f4xx_rcc.o
    0x0800142c   0x0800142c   0x00000018   Code   RO         1656    i.RCC_APB1PeriphResetCmd  stm32f4xx_rcc.o
    0x08001444   0x08001444   0x00000018   Code   RO         1657    i.RCC_APB2PeriphClockCmd  stm32f4xx_rcc.o
    0x0800145c   0x0800145c   0x00000018   Code   RO         1659    i.RCC_APB2PeriphResetCmd  stm32f4xx_rcc.o
    0x08001474   0x08001474   0x00000090   Code   RO         1666    i.RCC_GetClocksFreq  stm32f4xx_rcc.o
    0x08001504   0x08001504   0x00000034   Code   RO         1667    i.RCC_GetFlagStatus  stm32f4xx_rcc.o
    0x08001538   0x08001538   0x00000014   Code   RO         1677    i.RCC_LTDCCLKDivConfig  stm32f4xx_rcc.o
    0x0800154c   0x0800154c   0x0000000c   Code   RO         1686    i.RCC_PLLSAICmd     stm32f4xx_rcc.o
    0x08001558   0x08001558   0x00000014   Code   RO         1687    i.RCC_PLLSAIConfig  stm32f4xx_rcc.o
    0x0800156c   0x0800156c   0x00000210   Code   RO          527    i.SDRAM_GPIOConfig  stm32f429i_discovery_sdram.o
    0x0800177c   0x0800177c   0x0000005c   Code   RO          528    i.SDRAM_Init        stm32f429i_discovery_sdram.o
    0x080017d8   0x080017d8   0x000000b4   Code   RO          529    i.SDRAM_InitSequence  stm32f429i_discovery_sdram.o
    0x0800188c   0x0800188c   0x00000014   Code   RO         2160    i.SPI_Cmd           stm32f4xx_spi.o
    0x080018a0   0x080018a0   0x00000084   Code   RO         2167    i.SPI_I2S_DeInit    stm32f4xx_spi.o
    0x08001924   0x08001924   0x0000000e   Code   RO         2168    i.SPI_I2S_GetFlagStatus  stm32f4xx_spi.o
    0x08001932   0x08001932   0x00000004   Code   RO         2171    i.SPI_I2S_ReceiveData  stm32f4xx_spi.o
    0x08001936   0x08001936   0x00000004   Code   RO         2172    i.SPI_I2S_SendData  stm32f4xx_spi.o
    0x0800193a   0x0800193a   0x00000038   Code   RO         2173    i.SPI_Init          stm32f4xx_spi.o
    0x08001972   0x08001972   0x00000002   Code   RO         2463    i.SVC_Handler       stm32f4xx_it.o
    0x08001974   0x08001974   0x000000d0   Code   RO         2544    i.SetSysClock       system_stm32f4xx.o
    0x08001a44   0x08001a44   0x00000004   Code   RO         2464    i.SysTick_Handler   stm32f4xx_it.o
    0x08001a48   0x08001a48   0x0000005c   Code   RO         2546    i.SystemInit        system_stm32f4xx.o
    0x08001aa4   0x08001aa4   0x00000014   Code   RO         2382    i.TimingDelay_Decrement  main.o
    0x08001ab8   0x08001ab8   0x00000002   Code   RO         2465    i.UsageFault_Handler  stm32f4xx_it.o
    0x08001aba   0x08001aba   0x0000000e   Code   RO         2600    i.__scatterload_copy  mc_w.l(handlers.o)
    0x08001ac8   0x08001ac8   0x00000002   Code   RO         2601    i.__scatterload_null  mc_w.l(handlers.o)
    0x08001aca   0x08001aca   0x0000000e   Code   RO         2602    i.__scatterload_zeroinit  mc_w.l(handlers.o)
    0x08001ad8   0x08001ad8   0x00000012   Code   RO          248    i.delay             stm32f429i_discovery_lcd.o
    0x08001aea   0x08001aea   0x00000002   PAD
    0x08001aec   0x08001aec   0x000000a0   Code   RO         2383    i.main              main.o
    0x08001b8c   0x08001b8c   0x000011d0   Data   RO          249    .constdata          stm32f429i_discovery_lcd.o
    0x08002d5c   0x08002d5c   0x00000020   Data   RO         2598    Region$$Table       anon$$obj.o


    Execution Region RW_IRAM1 (Exec base: 0x20000000, Load base: 0x08002d7c, Size: 0x00000478, Max: 0x00030000, ABSOLUTE)

    Exec Addr    Load Addr    Size         Type   Attr      Idx    E Section Name        Object

    0x20000000   0x08002d7c   0x00000018   Data   RW          253    .data               stm32f429i_discovery_lcd.o
    0x20000018   0x08002d94   0x00000004   Data   RW          583    .data               stm32f429i_discovery_l3gd20.o
    0x2000001c   0x08002d98   0x00000010   Data   RW         1697    .data               stm32f4xx_rcc.o
    0x2000002c   0x08002da8   0x00000014   Data   RW         2385    .data               main.o
    0x20000040        -       0x00000034   Zero   RW         2384    .bss                main.o
    0x20000074   0x08002dbc   0x00000004   PAD
    0x20000078        -       0x00000400   Zero   RW            1    STACK               startup_stm32f429_439xx.o


==============================================================================

Image component sizes


      Code (inc. data)   RO Data    RW Data    ZI Data      Debug   Object Name

       976         88          0         20         52      37087   main.o
        36          8        428          0       1024        988   startup_stm32f429_439xx.o
         0          0          0          0          0     289356   stm32f429i_discovery.o
       714         36          0          4          0      11144   stm32f429i_discovery_l3gd20.o
      2140        122       4560         24          0      15766   stm32f429i_discovery_lcd.o
       800         30          0          0          0       2981   stm32f429i_discovery_sdram.o
       326          6          0          0          0      18103   stm32f4xx_fmc.o
       212          0          0          0          0      11119   stm32f4xx_gpio.o
        20          0          0          0          0       4102   stm32f4xx_it.o
       406         30          0          0          0      11265   stm32f4xx_ltdc.o
       368         64          0         16          0      24431   stm32f4xx_rcc.o
       230         24          0          0          0      13123   stm32f4xx_spi.o
       300         34          0          0          0       1593   system_stm32f4xx.o

    ----------------------------------------------------------------------
      6538        442       5020         64       1080     441058   Object Totals
         0          0         32          0          0          0   (incl. Generated)
        10          0          0          0          4          0   (incl. Padding)

    ----------------------------------------------------------------------

      Code (inc. data)   RO Data    RW Data    ZI Data      Debug   Library Member Name

         0          0          0          0          0          0   entry.o
         0          0          0          0          0          0   entry10a.o
         0          0          0          0          0          0   entry11a.o
         8          4          0          0          0          0   entry2.o
         4          0          0          0          0          0   entry5.o
         0          0          0          0          0          0   entry7b.o
         0          0          0          0          0          0   entry8b.o
         8          4          0          0          0          0   entry9a.o
        30          0          0          0          0          0   handlers.o
        36          8          0          0          0         68   init.o

    ----------------------------------------------------------------------
        86         16          0          0          0         68   Library Totals
         0          0          0          0          0          0   (incl. Padding)

    ----------------------------------------------------------------------

      Code (inc. data)   RO Data    RW Data    ZI Data      Debug   Library Name

        86         16          0          0          0         68   mc_w.l

    ----------------------------------------------------------------------
        86         16          0          0          0         68   Library Totals

    ----------------------------------------------------------------------

==============================================================================


      Code (inc. data)   RO Data    RW Data    ZI Data      Debug   

      6624        458       5020         64       1080     434330   Grand Totals
      6624        458       5020         64       1080     434330   ELF Image Totals
      6624        458       5020         64          0          0   ROM Totals

==============================================================================

    Total RO  Size (Code + RO Data)                11644 (  11.37kB)
    Total RW  Size (RW Data + ZI Data)              1144 (   1.12kB)
    Total ROM Size (Code + RO Data + RW Data)      11708 (  11.43kB)

==============================================================================

